Archive member included because of file (symbol)

/usr/bin/../lib/gcc/arm-none-eabi/4.9.3/../../../../arm-none-eabi/lib/armv7e-m/fpu/libc.a(lib_a-exit.o)
                              /usr/bin/../lib/gcc/arm-none-eabi/4.9.3/../../../../arm-none-eabi/lib/armv7e-m/fpu/crt0.o (exit)
/usr/bin/../lib/gcc/arm-none-eabi/4.9.3/../../../../arm-none-eabi/lib/armv7e-m/fpu/libc.a(lib_a-impure.o)
                              /usr/bin/../lib/gcc/arm-none-eabi/4.9.3/../../../../arm-none-eabi/lib/armv7e-m/fpu/libc.a(lib_a-exit.o) (_global_impure_ptr)
/usr/bin/../lib/gcc/arm-none-eabi/4.9.3/../../../../arm-none-eabi/lib/armv7e-m/fpu/libc.a(lib_a-init.o)
                              /usr/bin/../lib/gcc/arm-none-eabi/4.9.3/../../../../arm-none-eabi/lib/armv7e-m/fpu/crt0.o (__libc_init_array)
/usr/bin/../lib/gcc/arm-none-eabi/4.9.3/../../../../arm-none-eabi/lib/armv7e-m/fpu/libc.a(lib_a-memcpy.o)
                              bin/enet.o (memcpy)
/usr/bin/../lib/gcc/arm-none-eabi/4.9.3/../../../../arm-none-eabi/lib/armv7e-m/fpu/libc.a(lib_a-memset.o)
                              /usr/bin/../lib/gcc/arm-none-eabi/4.9.3/../../../../arm-none-eabi/lib/armv7e-m/fpu/crt0.o (memset)
/usr/bin/../lib/gcc/arm-none-eabi/4.9.3/../../../../arm-none-eabi/lib/armv7e-m/fpu/libc.a(lib_a-printf.o)
                              bin/leds.o (printf)
/usr/bin/../lib/gcc/arm-none-eabi/4.9.3/../../../../arm-none-eabi/lib/armv7e-m/fpu/libc.a(lib_a-puts.o)
                              bin/main.o (puts)
/usr/bin/../lib/gcc/arm-none-eabi/4.9.3/../../../../arm-none-eabi/lib/armv7e-m/fpu/libc.a(lib_a-strlen.o)
                              /usr/bin/../lib/gcc/arm-none-eabi/4.9.3/../../../../arm-none-eabi/lib/armv7e-m/fpu/libc.a(lib_a-puts.o) (strlen)
/usr/bin/../lib/gcc/arm-none-eabi/4.9.3/../../../../arm-none-eabi/lib/armv7e-m/fpu/libc.a(lib_a-vfprintf.o)
                              /usr/bin/../lib/gcc/arm-none-eabi/4.9.3/../../../../arm-none-eabi/lib/armv7e-m/fpu/libc.a(lib_a-printf.o) (_vfprintf_r)
/usr/bin/../lib/gcc/arm-none-eabi/4.9.3/../../../../arm-none-eabi/lib/armv7e-m/fpu/libc.a(lib_a-wsetup.o)
                              /usr/bin/../lib/gcc/arm-none-eabi/4.9.3/../../../../arm-none-eabi/lib/armv7e-m/fpu/libc.a(lib_a-vfprintf.o) (__swsetup_r)
/usr/bin/../lib/gcc/arm-none-eabi/4.9.3/../../../../arm-none-eabi/lib/armv7e-m/fpu/libc.a(lib_a-__call_atexit.o)
                              /usr/bin/../lib/gcc/arm-none-eabi/4.9.3/../../../../arm-none-eabi/lib/armv7e-m/fpu/libc.a(lib_a-exit.o) (__call_exitprocs)
/usr/bin/../lib/gcc/arm-none-eabi/4.9.3/../../../../arm-none-eabi/lib/armv7e-m/fpu/libc.a(lib_a-atexit.o)
                              /usr/bin/../lib/gcc/arm-none-eabi/4.9.3/../../../../arm-none-eabi/lib/armv7e-m/fpu/libc.a(lib_a-__call_atexit.o) (atexit)
/usr/bin/../lib/gcc/arm-none-eabi/4.9.3/../../../../arm-none-eabi/lib/armv7e-m/fpu/libc.a(lib_a-dtoa.o)
                              /usr/bin/../lib/gcc/arm-none-eabi/4.9.3/../../../../arm-none-eabi/lib/armv7e-m/fpu/libc.a(lib_a-vfprintf.o) (_dtoa_r)
/usr/bin/../lib/gcc/arm-none-eabi/4.9.3/../../../../arm-none-eabi/lib/armv7e-m/fpu/libc.a(lib_a-fflush.o)
                              /usr/bin/../lib/gcc/arm-none-eabi/4.9.3/../../../../arm-none-eabi/lib/armv7e-m/fpu/libc.a(lib_a-vfprintf.o) (_fflush_r)
/usr/bin/../lib/gcc/arm-none-eabi/4.9.3/../../../../arm-none-eabi/lib/armv7e-m/fpu/libc.a(lib_a-findfp.o)
                              /usr/bin/../lib/gcc/arm-none-eabi/4.9.3/../../../../arm-none-eabi/lib/armv7e-m/fpu/libc.a(lib_a-puts.o) (__sinit)
/usr/bin/../lib/gcc/arm-none-eabi/4.9.3/../../../../arm-none-eabi/lib/armv7e-m/fpu/libc.a(lib_a-fini.o)
                              /usr/bin/../lib/gcc/arm-none-eabi/4.9.3/../../../../arm-none-eabi/lib/armv7e-m/fpu/libc.a(lib_a-__call_atexit.o) (__libc_fini_array)
/usr/bin/../lib/gcc/arm-none-eabi/4.9.3/../../../../arm-none-eabi/lib/armv7e-m/fpu/libc.a(lib_a-freer.o)
                              /usr/bin/../lib/gcc/arm-none-eabi/4.9.3/../../../../arm-none-eabi/lib/armv7e-m/fpu/libc.a(lib_a-wsetup.o) (_free_r)
/usr/bin/../lib/gcc/arm-none-eabi/4.9.3/../../../../arm-none-eabi/lib/armv7e-m/fpu/libc.a(lib_a-fvwrite.o)
                              /usr/bin/../lib/gcc/arm-none-eabi/4.9.3/../../../../arm-none-eabi/lib/armv7e-m/fpu/libc.a(lib_a-puts.o) (__sfvwrite_r)
/usr/bin/../lib/gcc/arm-none-eabi/4.9.3/../../../../arm-none-eabi/lib/armv7e-m/fpu/libc.a(lib_a-fwalk.o)
                              /usr/bin/../lib/gcc/arm-none-eabi/4.9.3/../../../../arm-none-eabi/lib/armv7e-m/fpu/libc.a(lib_a-findfp.o) (_fwalk)
/usr/bin/../lib/gcc/arm-none-eabi/4.9.3/../../../../arm-none-eabi/lib/armv7e-m/fpu/libc.a(lib_a-locale.o)
                              /usr/bin/../lib/gcc/arm-none-eabi/4.9.3/../../../../arm-none-eabi/lib/armv7e-m/fpu/libc.a(lib_a-vfprintf.o) (_localeconv_r)
/usr/bin/../lib/gcc/arm-none-eabi/4.9.3/../../../../arm-none-eabi/lib/armv7e-m/fpu/libc.a(lib_a-makebuf.o)
[...]
Memory Configuration

Name             Origin             Length             Attributes
flash            0x0000000008000000 0x0000000000100000 xr
sram             0x0000000020000000 0x0000000000020000 xrw
*default*        0x0000000000000000 0xffffffffffffffff

Linker script and memory map

LOAD /usr/bin/../lib/gcc/arm-none-eabi/4.9.3/armv7e-m/fpu/crti.o
LOAD /usr/bin/../lib/gcc/arm-none-eabi/4.9.3/armv7e-m/fpu/crtbegin.o
LOAD /usr/bin/../lib/gcc/arm-none-eabi/4.9.3/../../../../arm-none-eabi/lib/armv7e-m/fpu/crt0.o
LOAD bin/startup.o
LOAD bin/main.o
LOAD bin/leds.o
LOAD bin/console.o
LOAD bin/stubs.o
LOAD bin/enet.o
LOAD bin/systime.o
LOAD bin/dmxl.o
LOAD bin/fan.o
LOAD bin/tactile.o
LOAD bin/pin.o
LOAD bin/enc.o
LOAD bin/state.o
LOAD bin/async_poll.o
LOAD bin/delay.o
LOAD bin/error.o
LOAD /usr/bin/../lib/gcc/arm-none-eabi/4.9.3/../../../../arm-none-eabi/lib/armv7e-m/fpu/libc.a
LOAD /usr/bin/../lib/gcc/arm-none-eabi/4.9.3/armv7e-m/fpu/libgcc.a
LOAD /usr/bin/../lib/gcc/arm-none-eabi/4.9.3/../../../../arm-none-eabi/lib/armv7e-m/fpu/libm.a
START GROUP
LOAD /usr/bin/../lib/gcc/arm-none-eabi/4.9.3/armv7e-m/fpu/libgcc.a
LOAD /usr/bin/../lib/gcc/arm-none-eabi/4.9.3/../../../../arm-none-eabi/lib/armv7e-m/fpu/libg.a
LOAD /usr/bin/../lib/gcc/arm-none-eabi/4.9.3/../../../../arm-none-eabi/lib/armv7e-m/fpu/libc.a
END GROUP
LOAD /usr/bin/../lib/gcc/arm-none-eabi/4.9.3/armv7e-m/fpu/crtend.o
LOAD /usr/bin/../lib/gcc/arm-none-eabi/4.9.3/armv7e-m/fpu/crtn.o

.text           0x0000000008000000     0xa7b4
 *(.vectors .vectors.*)
 .vectors       0x0000000008000000      0x1ac bin/startup.o
                0x0000000008000000                g_vectors
                0x0000000000000400                . = 0x400
 *fill*         0x00000000080001ac      0x254 
 *(.text .text.* .gnu.linkonce.t*)
 .text          0x0000000008000400        0x0 /usr/bin/../lib/gcc/arm-none-eabi/4.9.3/armv7e-m/fpu/crti.o
 .text          0x0000000008000400       0x5c /usr/bin/../lib/gcc/arm-none-eabi/4.9.3/armv7e-m/fpu/crtbegin.o
 .text          0x000000000800045c       0x74 /usr/bin/../lib/gcc/arm-none-eabi/4.9.3/../../../../arm-none-eabi/lib/armv7e-m/fpu/crt0.o
                0x000000000800045c                _mainCRTStartup
                0x000000000800045c                _start
 .text          0x00000000080004d0        0x0 bin/startup.o
 .text.unmapped_vector
                0x00000000080004d0        0x4 bin/startup.o
                0x00000000080004d0                uart8_vector
                0x00000000080004d0                i2c3_er_vector
                0x00000000080004d0                otg_fs_wkup_vector
                0x00000000080004d0                tim7_vector
                0x00000000080004d0                dma2_stream0_vector
                0x00000000080004d0                tampstamp_vector
                0x00000000080004d0                i2c2_ev_vector
                0x00000000080004d0                exti0_vector
                0x00000000080004d0                can2_tx_vector
                0x00000000080004d0                eth_wkup_vector
                0x00000000080004d0                tim1trg_tim11_vector
                0x00000000080004d0                hardfault_vector
                0x00000000080004d0                adc_vector
                0x00000000080004d0                otg_hs_ep1_in_vector
                0x00000000080004d0                i2c1_er_vector
                0x00000000080004d0                wwdg_vector
                0x00000000080004d0                tim1cc_vector
                0x00000000080004d0                pvd_vector
                0x00000000080004d0                can1_rx0_vector
                0x00000000080004d0                ltdc_er_vector
                0x00000000080004d0                dma2_stream4_vector
                0x00000000080004d0                spi5_vector
                0x00000000080004d0                tim2_vector
                0x00000000080004d0                dma1_stream2_vector
                0x00000000080004d0                flash_vector
                0x00000000080004d0                spi6_vector
                0x00000000080004d0                otg_hs_wkup_vector
                0x00000000080004d0                dma1_stream3_vector
                0x00000000080004d0                exti3_vector
                0x00000000080004d0                uart7_vector
                0x00000000080004d0                dma1_stream7_vector
                0x00000000080004d0                exti9_5_vector
                0x00000000080004d0                dma2_stream1_vector
                0x00000000080004d0                can1_sce_vector
                0x00000000080004d0                can1_rx1_vector
                0x00000000080004d0                dma2_stream7_vector
                0x00000000080004d0                exti15_10_vector
                0x00000000080004d0                tim4_vector
                0x00000000080004d0                pendsv_vector
                0x00000000080004d0                nmi_vector
                0x00000000080004d0                i2c2_er_vector
                0x00000000080004d0                can2_sce_vector
                0x00000000080004d0                tim1up_tim10_vector
                0x00000000080004d0                dma2_stream5_vector
                0x00000000080004d0                exti4_vector
                0x00000000080004d0                usart2_vector
                0x00000000080004d0                dma1_stream0_vector
                0x00000000080004d0                dcmi_vector
                0x00000000080004d0                dma2_stream2_vector
                0x00000000080004d0                rtc_alarm_vector
                0x00000000080004d0                dma1_stream4_vector
                0x00000000080004d0                tim5_vector
                0x00000000080004d0                svcall_vector
                0x00000000080004d0                spi4_vector
                0x00000000080004d0                dma1_stream5_vector
                0x00000000080004d0                dma2_stream3_vector
                0x00000000080004d0                systick_vector
                0x00000000080004d0                exti2_vector
                0x00000000080004d0                tim8brk_tim12_vector
                0x00000000080004d0                usagefault_vector
                0x00000000080004d0                cryp_vector
                0x00000000080004d0                tim8cc_vector
                0x00000000080004d0                rtc_wkup_vector
                0x00000000080004d0                dma1_stream6_vector
                0x00000000080004d0                ltdc_vector
                0x00000000080004d0                memmanage_vector
                0x00000000080004d0                can1_tx_vector
                0x00000000080004d0                tim1brk_tim9_vector
                0x00000000080004d0                spi2_vector
                0x00000000080004d0                spi1_vector
                0x00000000080004d0                dbgmon_vector
                0x00000000080004d0                tim6_dac_vector
                0x00000000080004d0                hash_rng_vector
                0x00000000080004d0                can2_rx0_vector
                0x00000000080004d0                sdio_vector
                0x00000000080004d0                otg_hs_vector
                0x00000000080004d0                i2c1_ev_vector
                0x00000000080004d0                otg_fs_vector
                0x00000000080004d0                busfault_vector
                0x00000000080004d0                spi3_vector
                0x00000000080004d0                tim8up_tim13_vector
                0x00000000080004d0                exti1_vector
                0x00000000080004d0                otg_hs_ep1_out_vector
                0x00000000080004d0                sai1_vector
                0x00000000080004d0                tim3_vector
                0x00000000080004d0                dma2_stream6_vector
                0x00000000080004d0                dma1_stream1_vector
                0x00000000080004d0                tim8trg_tim14_vector
                0x00000000080004d0                fsmc_vector
                0x00000000080004d0                fpu_vector
                0x00000000080004d0                i2c3_ev_vector
                0x00000000080004d0                rcc_vector
                0x00000000080004d0                usart1_vector
                0x00000000080004d0                unmapped_vector
                0x00000000080004d0                dma2d_vector
                0x00000000080004d0                can2_rx1_vector
 .text.reset_vector
                0x00000000080004d4      0x14c bin/startup.o
                0x00000000080004d4                reset_vector
 .text.startup_clock_init_fail
                0x0000000008000620        0x4 bin/startup.o
                0x0000000008000620                startup_clock_init_fail
 .text          0x0000000008000624        0x0 bin/main.o
 .text.startup.main
                0x0000000008000624       0xb4 bin/main.o
                0x0000000008000624                main
 .text          0x00000000080006d8        0x0 bin/leds.o
 .text.leds_init
                0x00000000080006d8       0x38 bin/leds.o
                0x00000000080006d8                leds_init
 .text.leds_on  0x0000000008000710       0x48 bin/leds.o
                0x0000000008000710                leds_on
 .text.leds_off
                0x0000000008000758       0x48 bin/leds.o
                0x0000000008000758                leds_off
 .text.leds_toggle
                0x00000000080007a0       0x54 bin/leds.o
                0x00000000080007a0                leds_toggle
 .text          0x00000000080007f4        0x0 bin/console.o
 .text.console_init
                0x00000000080007f4       0x68 bin/console.o
                0x00000000080007f4                console_init
 .text.console_send_block
                0x000000000800085c       0x40 bin/console.o
                0x000000000800085c                console_send_block
 .text          0x000000000800089c        0x0 bin/stubs.o
 .text._sbrk    0x000000000800089c       0x1c bin/stubs.o
                0x000000000800089c                _sbrk
 .text._kill    0x00000000080008b8        0x8 bin/stubs.o
                0x00000000080008b8                _kill
 .text._exit    0x00000000080008c0        0x4 bin/stubs.o
                0x00000000080008c0                _exit
 .text._getpid  0x00000000080008c4        0x4 bin/stubs.o
                0x00000000080008c4                _getpid
 .text._write   0x00000000080008c8       0x10 bin/stubs.o
                0x00000000080008c8                _write
 .text._close   0x00000000080008d8        0x8 bin/stubs.o
                0x00000000080008d8                _close
 .text._fstat   0x00000000080008e0        0xc bin/stubs.o
                0x00000000080008e0                _fstat
 .text._isatty  0x00000000080008ec        0x4 bin/stubs.o
                0x00000000080008ec                _isatty
 .text._lseek   0x00000000080008f0        0x4 bin/stubs.o
                0x00000000080008f0                _lseek
 .text._read    0x00000000080008f4        0x4 bin/stubs.o
                0x00000000080008f4                _read
 .text.fputc    0x00000000080008f8        0x4 bin/stubs.o
                0x00000000080008f8                fputc
 .text._ttywrch
                0x00000000080008fc        0x4 bin/stubs.o
                0x00000000080008fc                _ttywrch
 .text          0x0000000008000900        0x0 bin/enet.o
 .text.enet_read_phy_reg
                0x0000000008000900       0x2c bin/enet.o
                0x0000000008000900                enet_read_phy_reg
 .text.enet_write_phy_reg
                0x000000000800092c       0x60 bin/enet.o
                0x000000000800092c                enet_write_phy_reg
 .text.enet_init
                0x000000000800098c      0x434 bin/enet.o
                0x000000000800098c                enet_init
 .text.eth_vector
                0x0000000008000dc0       0xdc bin/enet.o
                0x0000000008000dc0                eth_vector
 .text.enet_get_link_status
                0x0000000008000e9c       0x58 bin/enet.o
                0x0000000008000e9c                enet_get_link_status
 .text.eth_htons
                0x0000000008000ef4        0x8 bin/enet.o
                0x0000000008000ef4                eth_htons
 .text.eth_htonl
                0x0000000008000efc        0x4 bin/enet.o
                0x0000000008000efc                eth_htonl
 .text.enet_send_udp_ucast
                0x0000000008000f00      0x154 bin/enet.o
                0x0000000008000f00                enet_send_udp_ucast
 .text.enet_send_udp_mcast
                0x0000000008001054       0x44 bin/enet.o
                0x0000000008001054                enet_send_udp_mcast
 .text.enet_process_rx_ring
                0x0000000008001098      0x174 bin/enet.o
                0x0000000008001098                enet_process_rx_ring
 .text.enet_send_state
                0x000000000800120c       0x2c bin/enet.o
                0x000000000800120c                enet_send_state
 .text          0x0000000008001238        0x0 bin/systime.o
 .text.systime_init
                0x0000000008001238       0x44 bin/systime.o
                0x0000000008001238                systime_init
 .text          0x000000000800127c        0x0 bin/dmxl.o
 .text.dmxl_tx.part.1
                0x000000000800127c       0x8c bin/dmxl.o
 .text.dmxl_write_data
                0x0000000008001308       0x44 bin/dmxl.o
 .text.dmxl_read_data.constprop.3
                0x000000000800134c       0x30 bin/dmxl.o
 .text.usart3_vector
                0x000000000800137c       0x3c bin/dmxl.o
                0x000000000800137c                usart3_vector
 .text.uart4_vector
                0x00000000080013b8       0x44 bin/dmxl.o
                0x00000000080013b8                uart4_vector
 .text.uart5_vector
                0x00000000080013fc       0x44 bin/dmxl.o
                0x00000000080013fc                uart5_vector
 .text.usart6_vector
                0x0000000008001440       0x44 bin/dmxl.o
                0x0000000008001440                usart6_vector
 .text.dmxl_set_usart_baud
                0x0000000008001484       0x68 bin/dmxl.o
                0x0000000008001484                dmxl_set_usart_baud
 .text.dmxl_init
                0x00000000080014ec      0x1a4 bin/dmxl.o
                0x00000000080014ec                dmxl_init
 .text.dmxl_process_ring
                0x0000000008001690      0x1f4 bin/dmxl.o
                0x0000000008001690                dmxl_process_ring
 .text.dmxl_set_status_return_levels
                0x0000000008001884       0xb0 bin/dmxl.o
                0x0000000008001884                dmxl_set_status_return_levels
 .text.dmxl_set_baud_rates
                0x0000000008001934       0xdc bin/dmxl.o
                0x0000000008001934                dmxl_set_baud_rates
 .text.dmxl_process_rings
                0x0000000008001a10       0x20 bin/dmxl.o
                0x0000000008001a10                dmxl_process_rings
 .text.dmxl_set_led
                0x0000000008001a30       0x20 bin/dmxl.o
                0x0000000008001a30                dmxl_set_led
 .text.dmxl_set_torque_enable
                0x0000000008001a50       0x20 bin/dmxl.o
                0x0000000008001a50                dmxl_set_torque_enable
 .text.dmxl_set_angle_limits
                0x0000000008001a70       0x2c bin/dmxl.o
                0x0000000008001a70                dmxl_set_angle_limits
 .text.dmxl_set_res_divider
                0x0000000008001a9c       0x18 bin/dmxl.o
                0x0000000008001a9c                dmxl_set_res_divider
 .text.dmxl_set_multiturn_offset
                0x0000000008001ab4       0x20 bin/dmxl.o
                0x0000000008001ab4                dmxl_set_multiturn_offset
 .text.dmxl_set_speed_dir
                0x0000000008001ad4       0x2c bin/dmxl.o
                0x0000000008001ad4                dmxl_set_speed_dir
 .text.dmxl_set_control_mode
                0x0000000008001b00       0xe8 bin/dmxl.o
                0x0000000008001b00                dmxl_set_control_mode
 .text.dmxl_set_control_target
                0x0000000008001be8       0x38 bin/dmxl.o
                0x0000000008001be8                dmxl_set_control_target
 .text.dmxl_set_all_control_targets
                0x0000000008001c20       0xf4 bin/dmxl.o
                0x0000000008001c20                dmxl_set_all_control_targets
 .text.dmxl_poll
                0x0000000008001d14       0x8c bin/dmxl.o
                0x0000000008001d14                dmxl_poll
 .text.dmxl_poll_nonblocking_tick
                0x0000000008001da0      0x18c bin/dmxl.o
                0x0000000008001da0                dmxl_poll_nonblocking_tick
 .text.dmxl_all_available
                0x0000000008001f2c       0x20 bin/dmxl.o
                0x0000000008001f2c                dmxl_all_available
 .text          0x0000000008001f4c        0x0 bin/fan.o
 .text.fan_init
                0x0000000008001f4c       0x20 bin/fan.o
                0x0000000008001f4c                fan_init
 .text.fan_on   0x0000000008001f6c       0x18 bin/fan.o
                0x0000000008001f6c                fan_on
 .text.fan_off  0x0000000008001f84       0x18 bin/fan.o
                0x0000000008001f84                fan_off
 .text          0x0000000008001f9c        0x0 bin/tactile.o
 .text.tactile_bridge_spi_txrx.part.0
                0x0000000008001f9c       0xcc bin/tactile.o
 .text.tactile_bridge_read_reg
                0x0000000008002068       0x3c bin/tactile.o
 .text.tactile_i2c_async_start.part.1
                0x00000000080020a4       0xb8 bin/tactile.o
 .text.tactile_internal_i2c_async_tick.part.2
                0x000000000800215c      0x1ac bin/tactile.o
 .text.tactile_i2c_async_start
                0x0000000008002308        0xc bin/tactile.o
                0x0000000008002308                tactile_i2c_async_start
 .text.tactile_internal_i2c_async_tick
                0x0000000008002314        0xc bin/tactile.o
                0x0000000008002314                tactile_internal_i2c_async_tick
 .text.tactile_bridged_i2c_async_tick
                0x0000000008002320      0x280 bin/tactile.o
                0x0000000008002320                tactile_bridged_i2c_async_tick
 .text.tactile_i2c_async_tick
                0x00000000080025a0       0x14 bin/tactile.o
                0x00000000080025a0                tactile_i2c_async_tick
 .text.tactile_bridge_reset
                0x00000000080025b4       0x5c bin/tactile.o
                0x00000000080025b4                tactile_bridge_reset
 .text.tactile_init
                0x0000000008002610      0x1f8 bin/tactile.o
                0x0000000008002610                tactile_init
 .text.tactile_bridge_wait_for_completion
                0x0000000008002808       0x64 bin/tactile.o
                0x0000000008002808                tactile_bridge_wait_for_completion
 .text.tactile_i2c
                0x000000000800286c      0x24c bin/tactile.o
                0x000000000800286c                tactile_i2c
 .text.tactile_poll
                0x0000000008002ab8      0x130 bin/tactile.o
                0x0000000008002ab8                tactile_poll
 .text.tactile_poll_nonblocking_tick
                0x0000000008002be8      0x2bc bin/tactile.o
                0x0000000008002be8                tactile_poll_nonblocking_tick
 .text          0x0000000008002ea4        0x0 bin/pin.o
 .text.pin_set_output_type
                0x0000000008002ea4       0x1c bin/pin.o
                0x0000000008002ea4                pin_set_output_type
 .text.pin_set_alternate_function
                0x0000000008002ec0       0x5c bin/pin.o
                0x0000000008002ec0                pin_set_alternate_function
 .text.pin_set_output
                0x0000000008002f1c       0x20 bin/pin.o
                0x0000000008002f1c                pin_set_output
 .text.pin_set_output_level
                0x0000000008002f3c       0x14 bin/pin.o
                0x0000000008002f3c                pin_set_output_level
 .text          0x0000000008002f50        0x0 bin/enc.o
 .text.enc_poll
                0x0000000008002f50       0x88 bin/enc.o
                0x0000000008002f50                enc_poll
 .text.enc_init
                0x0000000008002fd8       0x68 bin/enc.o
                0x0000000008002fd8                enc_init
 .text.enc_poll_nonblocking_tick
                0x0000000008003040      0x188 bin/enc.o
                0x0000000008003040                enc_poll_nonblocking_tick
 .text          0x00000000080031c8        0x0 bin/state.o
 .text.state_init
                0x00000000080031c8       0x5c bin/state.o
                0x00000000080031c8                state_init
 .text          0x0000000008003224        0x0 bin/async_poll.o
 .text.async_poll_init
                0x0000000008003224        0x4 bin/async_poll.o
                0x0000000008003224                async_poll_init
 .text.async_poll_tick
                0x0000000008003228       0x40 bin/async_poll.o
                0x0000000008003228                async_poll_tick
 .text.async_poll_start
                0x0000000008003268       0x40 bin/async_poll.o
                0x0000000008003268                async_poll_start
 .text          0x00000000080032a8        0x0 bin/delay.o
 .text.delay_ns
                0x00000000080032a8       0x28 bin/delay.o
                0x00000000080032a8                delay_ns
 .text.delay_us
                0x00000000080032d0       0x24 bin/delay.o
                0x00000000080032d0                delay_us
 .text.delay_ms
                0x00000000080032f4       0x34 bin/delay.o
                0x00000000080032f4                delay_ms
 .text          0x0000000008003328        0x0 bin/error.o
 .text.setLEDs  0x0000000008003328       0x30 bin/error.o
                0x0000000008003328                setLEDs
 .text.err_service
                0x0000000008003358       0xbc bin/error.o
                0x0000000008003358                err_service
 .text.err_set  0x0000000008003414        0xc bin/error.o
                0x0000000008003414                err_set
 .text.err_unset
                0x0000000008003420        0xc bin/error.o
                0x0000000008003420                err_unset
 .text          0x000000000800342c        0x0 /usr/bin/../lib/gcc/arm-none-eabi/4.9.3/../../../../arm-none-eabi/lib/armv7e-m/fpu/libc.a(lib_a-exit.o)
 .text.exit     0x000000000800342c       0x20 /usr/bin/../lib/gcc/arm-none-eabi/4.9.3/../../../../arm-none-eabi/lib/armv7e-m/fpu/libc.a(lib_a-exit.o)
                0x000000000800342c                exit
 .text          0x000000000800344c        0x0 /usr/bin/../lib/gcc/arm-none-eabi/4.9.3/../../../../arm-none-eabi/lib/armv7e-m/fpu/libc.a(lib_a-impure.o)
 .text          0x000000000800344c        0x0 /usr/bin/../lib/gcc/arm-none-eabi/4.9.3/../../../../arm-none-eabi/lib/armv7e-m/fpu/libc.a(lib_a-init.o)
 .text.__libc_init_array
                0x000000000800344c       0x50 /usr/bin/../lib/gcc/arm-none-eabi/4.9.3/../../../../arm-none-eabi/lib/armv7e-m/fpu/libc.a(lib_a-init.o)
                0x000000000800344c                __libc_init_array
 .text          0x000000000800349c      0x134 /usr/bin/../lib/gcc/arm-none-eabi/4.9.3/../../../../arm-none-eabi/lib/armv7e-m/fpu/libc.a(lib_a-memcpy.o)
                0x000000000800349c                memcpy
 .text          0x00000000080035d0        0x0 /usr/bin/../lib/gcc/arm-none-eabi/4.9.3/../../../../arm-none-eabi/lib/armv7e-m/fpu/libc.a(lib_a-memset.o)
 .text.memset   0x00000000080035d0       0x9c /usr/bin/../lib/gcc/arm-none-eabi/4.9.3/../../../../arm-none-eabi/lib/armv7e-m/fpu/libc.a(lib_a-memset.o)
                0x00000000080035d0                memset
 .text          0x000000000800366c        0x0 /usr/bin/../lib/gcc/arm-none-eabi/4.9.3/../../../../arm-none-eabi/lib/armv7e-m/fpu/libc.a(lib_a-printf.o)
 .text._printf_r
                0x000000000800366c       0x20 /usr/bin/../lib/gcc/arm-none-eabi/4.9.3/../../../../arm-none-eabi/lib/armv7e-m/fpu/libc.a(lib_a-printf.o)
                0x000000000800366c                _printf_r
 .text.printf   0x000000000800368c       0x28 /usr/bin/../lib/gcc/arm-none-eabi/4.9.3/../../../../arm-none-eabi/lib/armv7e-m/fpu/libc.a(lib_a-printf.o)
                0x000000000800368c                printf
 .text          0x00000000080036b4        0x0 /usr/bin/../lib/gcc/arm-none-eabi/4.9.3/../../../../arm-none-eabi/lib/armv7e-m/fpu/libc.a(lib_a-puts.o)
 .text._puts_r  0x00000000080036b4       0x64 /usr/bin/../lib/gcc/arm-none-eabi/4.9.3/../../../../arm-none-eabi/lib/armv7e-m/fpu/libc.a(lib_a-puts.o)
                0x00000000080036b4                _puts_r
 .text.puts     0x0000000008003718       0x10 /usr/bin/../lib/gcc/arm-none-eabi/4.9.3/../../../../arm-none-eabi/lib/armv7e-m/fpu/libc.a(lib_a-puts.o)
                0x0000000008003718                puts
 .text          0x0000000008003728        0x0 /usr/bin/../lib/gcc/arm-none-eabi/4.9.3/../../../../arm-none-eabi/lib/armv7e-m/fpu/libc.a(lib_a-strlen.o)
 .text.strlen   0x0000000008003728       0x5c /usr/bin/../lib/gcc/arm-none-eabi/4.9.3/../../../../arm-none-eabi/lib/armv7e-m/fpu/libc.a(lib_a-strlen.o)
                0x0000000008003728                strlen
 .text          0x0000000008003784        0x0 /usr/bin/../lib/gcc/arm-none-eabi/4.9.3/../../../../arm-none-eabi/lib/armv7e-m/fpu/libc.a(lib_a-vfprintf.o)
 *fill*         0x0000000008003784        0x4 
 .text._vfprintf_r
                0x0000000008003788     0x1424 /usr/bin/../lib/gcc/arm-none-eabi/4.9.3/../../../../arm-none-eabi/lib/armv7e-m/fpu/libc.a(lib_a-vfprintf.o)
                0x0000000008003788                _vfprintf_r
 .text.vfprintf
                0x0000000008004bac       0x18 /usr/bin/../lib/gcc/arm-none-eabi/4.9.3/../../../../arm-none-eabi/lib/armv7e-m/fpu/libc.a(lib_a-vfprintf.o)
                0x0000000008004bac                vfprintf
 .text.__sbprintf
                0x0000000008004bc4       0x78 /usr/bin/../lib/gcc/arm-none-eabi/4.9.3/../../../../arm-none-eabi/lib/armv7e-m/fpu/libc.a(lib_a-vfprintf.o)
 .text          0x0000000008004c3c        0x0 /usr/bin/../lib/gcc/arm-none-eabi/4.9.3/../../../../arm-none-eabi/lib/armv7e-m/fpu/libc.a(lib_a-wsetup.o)
 .text.__swsetup_r
                0x0000000008004c3c       0xc4 /usr/bin/../lib/gcc/arm-none-eabi/4.9.3/../../../../arm-none-eabi/lib/armv7e-m/fpu/libc.a(lib_a-wsetup.o)
                0x0000000008004c3c                __swsetup_r
 .text          0x0000000008004d00        0x0 /usr/bin/../lib/gcc/arm-none-eabi/4.9.3/../../../../arm-none-eabi/lib/armv7e-m/fpu/libc.a(lib_a-__call_atexit.o)
 .text.startup.register_fini
                0x0000000008004d00       0x14 /usr/bin/../lib/gcc/arm-none-eabi/4.9.3/../../../../arm-none-eabi/lib/armv7e-m/fpu/libc.a(lib_a-__call_atexit.o)
 .text.__call_exitprocs
                0x0000000008004d14       0xd4 /usr/bin/../lib/gcc/arm-none-eabi/4.9.3/../../../../arm-none-eabi/lib/armv7e-m/fpu/libc.a(lib_a-__call_atexit.o)
                0x0000000008004d14                __call_exitprocs
 .text          0x0000000008004de8        0x0 /usr/bin/../lib/gcc/arm-none-eabi/4.9.3/../../../../arm-none-eabi/lib/armv7e-m/fpu/libc.a(lib_a-atexit.o)
 .text.atexit   0x0000000008004de8        0xc /usr/bin/../lib/gcc/arm-none-eabi/4.9.3/../../../../arm-none-eabi/lib/armv7e-m/fpu/libc.a(lib_a-atexit.o)
                0x0000000008004de8                atexit
 .text          0x0000000008004df4        0x0 /usr/bin/../lib/gcc/arm-none-eabi/4.9.3/../../../../arm-none-eabi/lib/armv7e-m/fpu/libc.a(lib_a-dtoa.o)
 .text.quorem   0x0000000008004df4      0x12c /usr/bin/../lib/gcc/arm-none-eabi/4.9.3/../../../../arm-none-eabi/lib/armv7e-m/fpu/libc.a(lib_a-dtoa.o)
 .text._dtoa_r  0x0000000008004f20      0xea4 /usr/bin/../lib/gcc/arm-none-eabi/4.9.3/../../../../arm-none-eabi/lib/armv7e-m/fpu/libc.a(lib_a-dtoa.o)
                0x0000000008004f20                _dtoa_r
 .text          0x0000000008005dc4        0x0 /usr/bin/../lib/gcc/arm-none-eabi/4.9.3/../../../../arm-none-eabi/lib/armv7e-m/fpu/libc.a(lib_a-fflush.o)
 .text.__sflush_r
                0x0000000008005dc4      0x154 /usr/bin/../lib/gcc/arm-none-eabi/4.9.3/../../../../arm-none-eabi/lib/armv7e-m/fpu/libc.a(lib_a-fflush.o)
                0x0000000008005dc4                __sflush_r
 .text._fflush_r
                0x0000000008005f18       0x2c /usr/bin/../lib/gcc/arm-none-eabi/4.9.3/../../../../arm-none-eabi/lib/armv7e-m/fpu/libc.a(lib_a-fflush.o)
                0x0000000008005f18                _fflush_r
 .text.fflush   0x0000000008005f44       0x24 /usr/bin/../lib/gcc/arm-none-eabi/4.9.3/../../../../arm-none-eabi/lib/armv7e-m/fpu/libc.a(lib_a-fflush.o)
                0x0000000008005f44                fflush
 .text          0x0000000008005f68        0x0 /usr/bin/../lib/gcc/arm-none-eabi/4.9.3/../../../../arm-none-eabi/lib/armv7e-m/fpu/libc.a(lib_a-findfp.o)
 .text.__fp_lock
                0x0000000008005f68        0x4 /usr/bin/../lib/gcc/arm-none-eabi/4.9.3/../../../../arm-none-eabi/lib/armv7e-m/fpu/libc.a(lib_a-findfp.o)
 .text.__fp_unlock
                0x0000000008005f6c        0x4 /usr/bin/../lib/gcc/arm-none-eabi/4.9.3/../../../../arm-none-eabi/lib/armv7e-m/fpu/libc.a(lib_a-findfp.o)
 .text._cleanup_r
                0x0000000008005f70        0xc /usr/bin/../lib/gcc/arm-none-eabi/4.9.3/../../../../arm-none-eabi/lib/armv7e-m/fpu/libc.a(lib_a-findfp.o)
                0x0000000008005f70                _cleanup_r
 .text.__sinit.part.1
                0x0000000008005f7c       0xf0 /usr/bin/../lib/gcc/arm-none-eabi/4.9.3/../../../../arm-none-eabi/lib/armv7e-m/fpu/libc.a(lib_a-findfp.o)
 .text.__sfmoreglue
                0x000000000800606c       0x30 /usr/bin/../lib/gcc/arm-none-eabi/4.9.3/../../../../arm-none-eabi/lib/armv7e-m/fpu/libc.a(lib_a-findfp.o)
                0x000000000800606c                __sfmoreglue
 .text.__sfp    0x000000000800609c       0x88 /usr/bin/../lib/gcc/arm-none-eabi/4.9.3/../../../../arm-none-eabi/lib/armv7e-m/fpu/libc.a(lib_a-findfp.o)
                0x000000000800609c                __sfp
 .text._cleanup
                0x0000000008006124       0x14 /usr/bin/../lib/gcc/arm-none-eabi/4.9.3/../../../../arm-none-eabi/lib/armv7e-m/fpu/libc.a(lib_a-findfp.o)
                0x0000000008006124                _cleanup
 .text.__sinit  0x0000000008006138        0xc /usr/bin/../lib/gcc/arm-none-eabi/4.9.3/../../../../arm-none-eabi/lib/armv7e-m/fpu/libc.a(lib_a-findfp.o)
                0x0000000008006138                __sinit
 .text.__sfp_lock_acquire
                0x0000000008006144        0x4 /usr/bin/../lib/gcc/arm-none-eabi/4.9.3/../../../../arm-none-eabi/lib/armv7e-m/fpu/libc.a(lib_a-findfp.o)
                0x0000000008006144                __sfp_lock_acquire
 .text.__sfp_lock_release
                0x0000000008006148        0x4 /usr/bin/../lib/gcc/arm-none-eabi/4.9.3/../../../../arm-none-eabi/lib/armv7e-m/fpu/libc.a(lib_a-findfp.o)
                0x0000000008006148                __sfp_lock_release
 .text.__sinit_lock_acquire
                0x000000000800614c        0x4 /usr/bin/../lib/gcc/arm-none-eabi/4.9.3/../../../../arm-none-eabi/lib/armv7e-m/fpu/libc.a(lib_a-findfp.o)
                0x000000000800614c                __sinit_lock_acquire
 .text.__sinit_lock_release
                0x0000000008006150        0x4 /usr/bin/../lib/gcc/arm-none-eabi/4.9.3/../../../../arm-none-eabi/lib/armv7e-m/fpu/libc.a(lib_a-findfp.o)
                0x0000000008006150                __sinit_lock_release
 .text.__fp_lock_all
                0x0000000008006154       0x14 /usr/bin/../lib/gcc/arm-none-eabi/4.9.3/../../../../arm-none-eabi/lib/armv7e-m/fpu/libc.a(lib_a-findfp.o)
                0x0000000008006154                __fp_lock_all
 .text.__fp_unlock_all
                0x0000000008006168       0x14 /usr/bin/../lib/gcc/arm-none-eabi/4.9.3/../../../../arm-none-eabi/lib/armv7e-m/fpu/libc.a(lib_a-findfp.o)
                0x0000000008006168                __fp_unlock_all
 .text          0x000000000800617c        0x0 /usr/bin/../lib/gcc/arm-none-eabi/4.9.3/../../../../arm-none-eabi/lib/armv7e-m/fpu/libc.a(lib_a-fini.o)
 .text.__libc_fini_array
                0x000000000800617c       0x2c /usr/bin/../lib/gcc/arm-none-eabi/4.9.3/../../../../arm-none-eabi/lib/armv7e-m/fpu/libc.a(lib_a-fini.o)
                0x000000000800617c                __libc_fini_array
 .text          0x00000000080061a8        0x0 /usr/bin/../lib/gcc/arm-none-eabi/4.9.3/../../../../arm-none-eabi/lib/armv7e-m/fpu/libc.a(lib_a-freer.o)
 .text._malloc_trim_r
                0x00000000080061a8       0x9c /usr/bin/../lib/gcc/arm-none-eabi/4.9.3/../../../../arm-none-eabi/lib/armv7e-m/fpu/libc.a(lib_a-freer.o)
                0x00000000080061a8                _malloc_trim_r
 .text._free_r  0x0000000008006244      0x1b0 /usr/bin/../lib/gcc/arm-none-eabi/4.9.3/../../../../arm-none-eabi/lib/armv7e-m/fpu/libc.a(lib_a-freer.o)
                0x0000000008006244                _free_r
 .text          0x00000000080063f4        0x0 /usr/bin/../lib/gcc/arm-none-eabi/4.9.3/../../../../arm-none-eabi/lib/armv7e-m/fpu/libc.a(lib_a-fvwrite.o)
 .text.__sfvwrite_r
                0x00000000080063f4      0x318 /usr/bin/../lib/gcc/arm-none-eabi/4.9.3/../../../../arm-none-eabi/lib/armv7e-m/fpu/libc.a(lib_a-fvwrite.o)
                0x00000000080063f4                __sfvwrite_r
 .text          0x000000000800670c        0x0 /usr/bin/../lib/gcc/arm-none-eabi/4.9.3/../../../../arm-none-eabi/lib/armv7e-m/fpu/libc.a(lib_a-fwalk.o)
 .text._fwalk   0x000000000800670c       0x4c /usr/bin/../lib/gcc/arm-none-eabi/4.9.3/../../../../arm-none-eabi/lib/armv7e-m/fpu/libc.a(lib_a-fwalk.o)
                0x000000000800670c                _fwalk
 .text._fwalk_reent
                0x0000000008006758       0x54 /usr/bin/../lib/gcc/arm-none-eabi/4.9.3/../../../../arm-none-eabi/lib/armv7e-m/fpu/libc.a(lib_a-fwalk.o)
                0x0000000008006758                _fwalk_reent
 .text          0x00000000080067ac        0x0 /usr/bin/../lib/gcc/arm-none-eabi/4.9.3/../../../../arm-none-eabi/lib/armv7e-m/fpu/libc.a(lib_a-locale.o)
 .text._setlocale_r
                0x00000000080067ac       0x44 /usr/bin/../lib/gcc/arm-none-eabi/4.9.3/../../../../arm-none-eabi/lib/armv7e-m/fpu/libc.a(lib_a-locale.o)
                0x00000000080067ac                _setlocale_r
 .text.__locale_charset
                0x00000000080067f0        0x8 /usr/bin/../lib/gcc/arm-none-eabi/4.9.3/../../../../arm-none-eabi/lib/armv7e-m/fpu/libc.a(lib_a-locale.o)
                0x00000000080067f0                __locale_charset
 .text.__locale_mb_cur_max
                0x00000000080067f8        0xc /usr/bin/../lib/gcc/arm-none-eabi/4.9.3/../../../../arm-none-eabi/lib/armv7e-m/fpu/libc.a(lib_a-locale.o)
                0x00000000080067f8                __locale_mb_cur_max
 .text.__locale_msgcharset
                0x0000000008006804        0x8 /usr/bin/../lib/gcc/arm-none-eabi/4.9.3/../../../../arm-none-eabi/lib/armv7e-m/fpu/libc.a(lib_a-locale.o)
                0x0000000008006804                __locale_msgcharset
 .text.__locale_cjk_lang
                0x000000000800680c        0x4 /usr/bin/../lib/gcc/arm-none-eabi/4.9.3/../../../../arm-none-eabi/lib/armv7e-m/fpu/libc.a(lib_a-locale.o)
                0x000000000800680c                __locale_cjk_lang
 .text._localeconv_r
                0x0000000008006810        0x8 /usr/bin/../lib/gcc/arm-none-eabi/4.9.3/../../../../arm-none-eabi/lib/armv7e-m/fpu/libc.a(lib_a-locale.o)
                0x0000000008006810                _localeconv_r
 .text.setlocale
                0x0000000008006818       0x10 /usr/bin/../lib/gcc/arm-none-eabi/4.9.3/../../../../arm-none-eabi/lib/armv7e-m/fpu/libc.a(lib_a-locale.o)
                0x0000000008006818                setlocale
 .text.localeconv
                0x0000000008006828        0x8 /usr/bin/../lib/gcc/arm-none-eabi/4.9.3/../../../../arm-none-eabi/lib/armv7e-m/fpu/libc.a(lib_a-locale.o)
                0x0000000008006828                localeconv
 .text          0x0000000008006830        0x0 /usr/bin/../lib/gcc/arm-none-eabi/4.9.3/../../../../arm-none-eabi/lib/armv7e-m/fpu/libc.a(lib_a-makebuf.o)
 .text.__smakebuf_r
                0x0000000008006830       0xe0 /usr/bin/../lib/gcc/arm-none-eabi/4.9.3/../../../../arm-none-eabi/lib/armv7e-m/fpu/libc.a(lib_a-makebuf.o)
                0x0000000008006830                __smakebuf_r
 .text          0x0000000008006910        0x0 /usr/bin/../lib/gcc/arm-none-eabi/4.9.3/../../../../arm-none-eabi/lib/armv7e-m/fpu/libc.a(lib_a-mallocr.o)
 .text._malloc_r
                0x0000000008006910      0x524 /usr/bin/../lib/gcc/arm-none-eabi/4.9.3/../../../../arm-none-eabi/lib/armv7e-m/fpu/libc.a(lib_a-mallocr.o)
                0x0000000008006910                _malloc_r
 .text          0x0000000008006e34        0x0 /usr/bin/../lib/gcc/arm-none-eabi/4.9.3/../../../../arm-none-eabi/lib/armv7e-m/fpu/libc.a(lib_a-memchr.o)
 .text.memchr   0x0000000008006e34       0x94 /usr/bin/../lib/gcc/arm-none-eabi/4.9.3/../../../../arm-none-eabi/lib/armv7e-m/fpu/libc.a(lib_a-memchr.o)
                0x0000000008006e34                memchr
 .text          0x0000000008006ec8        0x0 /usr/bin/../lib/gcc/arm-none-eabi/4.9.3/../../../../arm-none-eabi/lib/armv7e-m/fpu/libc.a(lib_a-memmove.o)
 .text.memmove  0x0000000008006ec8       0xc8 /usr/bin/../lib/gcc/arm-none-eabi/4.9.3/../../../../arm-none-eabi/lib/armv7e-m/fpu/libc.a(lib_a-memmove.o)
                0x0000000008006ec8                memmove
 .text          0x0000000008006f90        0x0 /usr/bin/../lib/gcc/arm-none-eabi/4.9.3/../../../../arm-none-eabi/lib/armv7e-m/fpu/libc.a(lib_a-mlock.o)
 .text.__malloc_lock
                0x0000000008006f90        0x4 /usr/bin/../lib/gcc/arm-none-eabi/4.9.3/../../../../arm-none-eabi/lib/armv7e-m/fpu/libc.a(lib_a-mlock.o)
                0x0000000008006f90                __malloc_lock
 .text.__malloc_unlock
                0x0000000008006f94        0x4 /usr/bin/../lib/gcc/arm-none-eabi/4.9.3/../../../../arm-none-eabi/lib/armv7e-m/fpu/libc.a(lib_a-mlock.o)
                0x0000000008006f94                __malloc_unlock
 .text          0x0000000008006f98        0x0 /usr/bin/../lib/gcc/arm-none-eabi/4.9.3/../../../../arm-none-eabi/lib/armv7e-m/fpu/libc.a(lib_a-mprec.o)
 .text._Balloc  0x0000000008006f98       0x4c /usr/bin/../lib/gcc/arm-none-eabi/4.9.3/../../../../arm-none-eabi/lib/armv7e-m/fpu/libc.a(lib_a-mprec.o)
                0x0000000008006f98                _Balloc
 .text._Bfree   0x0000000008006fe4       0x14 /usr/bin/../lib/gcc/arm-none-eabi/4.9.3/../../../../arm-none-eabi/lib/armv7e-m/fpu/libc.a(lib_a-mprec.o)
                0x0000000008006fe4                _Bfree
 .text.__multadd
                0x0000000008006ff8       0x84 /usr/bin/../lib/gcc/arm-none-eabi/4.9.3/../../../../arm-none-eabi/lib/armv7e-m/fpu/libc.a(lib_a-mprec.o)
                0x0000000008006ff8                __multadd
 .text.__s2b    0x000000000800707c       0x98 /usr/bin/../lib/gcc/arm-none-eabi/4.9.3/../../../../arm-none-eabi/lib/armv7e-m/fpu/libc.a(lib_a-mprec.o)
                0x000000000800707c                __s2b
 .text.__hi0bits
                0x0000000008007114       0x40 /usr/bin/../lib/gcc/arm-none-eabi/4.9.3/../../../../arm-none-eabi/lib/armv7e-m/fpu/libc.a(lib_a-mprec.o)
                0x0000000008007114                __hi0bits
 .text.__lo0bits
                0x0000000008007154       0x5c /usr/bin/../lib/gcc/arm-none-eabi/4.9.3/../../../../arm-none-eabi/lib/armv7e-m/fpu/libc.a(lib_a-mprec.o)
                0x0000000008007154                __lo0bits
 .text.__i2b    0x00000000080071b0       0x14 /usr/bin/../lib/gcc/arm-none-eabi/4.9.3/../../../../arm-none-eabi/lib/armv7e-m/fpu/libc.a(lib_a-mprec.o)
                0x00000000080071b0                __i2b
 .text.__multiply
                0x00000000080071c4      0x134 /usr/bin/../lib/gcc/arm-none-eabi/4.9.3/../../../../arm-none-eabi/lib/armv7e-m/fpu/libc.a(lib_a-mprec.o)
                0x00000000080071c4                __multiply
 .text.__pow5mult
                0x00000000080072f8       0xa0 /usr/bin/../lib/gcc/arm-none-eabi/4.9.3/../../../../arm-none-eabi/lib/armv7e-m/fpu/libc.a(lib_a-mprec.o)
                0x00000000080072f8                __pow5mult
 .text.__lshift
                0x0000000008007398       0xac /usr/bin/../lib/gcc/arm-none-eabi/4.9.3/../../../../arm-none-eabi/lib/armv7e-m/fpu/libc.a(lib_a-mprec.o)
                0x0000000008007398                __lshift
 .text.__mcmp   0x0000000008007444       0x48 /usr/bin/../lib/gcc/arm-none-eabi/4.9.3/../../../../arm-none-eabi/lib/armv7e-m/fpu/libc.a(lib_a-mprec.o)
                0x0000000008007444                __mcmp
 .text.__mdiff  0x000000000800748c       0xd4 /usr/bin/../lib/gcc/arm-none-eabi/4.9.3/../../../../arm-none-eabi/lib/armv7e-m/fpu/libc.a(lib_a-mprec.o)
                0x000000000800748c                __mdiff
 .text.__ulp    0x0000000008007560       0x50 /usr/bin/../lib/gcc/arm-none-eabi/4.9.3/../../../../arm-none-eabi/lib/armv7e-m/fpu/libc.a(lib_a-mprec.o)
                0x0000000008007560                __ulp
 .text.__b2d    0x00000000080075b0       0xc4 /usr/bin/../lib/gcc/arm-none-eabi/4.9.3/../../../../arm-none-eabi/lib/armv7e-m/fpu/libc.a(lib_a-mprec.o)
                0x00000000080075b0                __b2d
 .text.__d2b    0x0000000008007674       0xbc /usr/bin/../lib/gcc/arm-none-eabi/4.9.3/../../../../arm-none-eabi/lib/armv7e-m/fpu/libc.a(lib_a-mprec.o)
                0x0000000008007674                __d2b
 .text.__ratio  0x0000000008007730       0x60 /usr/bin/../lib/gcc/arm-none-eabi/4.9.3/../../../../arm-none-eabi/lib/armv7e-m/fpu/libc.a(lib_a-mprec.o)
                0x0000000008007730                __ratio
 .text._mprec_log10
                0x0000000008007790       0x38 /usr/bin/../lib/gcc/arm-none-eabi/4.9.3/../../../../arm-none-eabi/lib/armv7e-m/fpu/libc.a(lib_a-mprec.o)
                0x0000000008007790                _mprec_log10
 .text.__copybits
                0x00000000080077c8       0x48 /usr/bin/../lib/gcc/arm-none-eabi/4.9.3/../../../../arm-none-eabi/lib/armv7e-m/fpu/libc.a(lib_a-mprec.o)
                0x00000000080077c8                __copybits
 .text.__any_on
                0x0000000008007810       0x60 /usr/bin/../lib/gcc/arm-none-eabi/4.9.3/../../../../arm-none-eabi/lib/armv7e-m/fpu/libc.a(lib_a-mprec.o)
                0x0000000008007810                __any_on
 .text          0x0000000008007870        0x0 /usr/bin/../lib/gcc/arm-none-eabi/4.9.3/../../../../arm-none-eabi/lib/armv7e-m/fpu/libc.a(lib_a-reallocr.o)
 .text._realloc_r
                0x0000000008007870      0x3ec /usr/bin/../lib/gcc/arm-none-eabi/4.9.3/../../../../arm-none-eabi/lib/armv7e-m/fpu/libc.a(lib_a-reallocr.o)
                0x0000000008007870                _realloc_r
 .text          0x0000000008007c5c        0x0 /usr/bin/../lib/gcc/arm-none-eabi/4.9.3/../../../../arm-none-eabi/lib/armv7e-m/fpu/libc.a(lib_a-s_fpclassify.o)
 .text.__fpclassifyd
                0x0000000008007c5c       0x5c /usr/bin/../lib/gcc/arm-none-eabi/4.9.3/../../../../arm-none-eabi/lib/armv7e-m/fpu/libc.a(lib_a-s_fpclassify.o)
                0x0000000008007c5c                __fpclassifyd
 .text          0x0000000008007cb8        0x0 /usr/bin/../lib/gcc/arm-none-eabi/4.9.3/../../../../arm-none-eabi/lib/armv7e-m/fpu/libc.a(lib_a-sbrkr.o)
 .text._sbrk_r  0x0000000008007cb8       0x24 /usr/bin/../lib/gcc/arm-none-eabi/4.9.3/../../../../arm-none-eabi/lib/armv7e-m/fpu/libc.a(lib_a-sbrkr.o)
                0x0000000008007cb8                _sbrk_r
 .text          0x0000000008007cdc        0x0 /usr/bin/../lib/gcc/arm-none-eabi/4.9.3/../../../../arm-none-eabi/lib/armv7e-m/fpu/libc.a(lib_a-stdio.o)
 .text.__sread  0x0000000008007cdc       0x24 /usr/bin/../lib/gcc/arm-none-eabi/4.9.3/../../../../arm-none-eabi/lib/armv7e-m/fpu/libc.a(lib_a-stdio.o)
                0x0000000008007cdc                __sread
 .text.__seofread
                0x0000000008007d00        0x4 /usr/bin/../lib/gcc/arm-none-eabi/4.9.3/../../../../arm-none-eabi/lib/armv7e-m/fpu/libc.a(lib_a-stdio.o)
                0x0000000008007d00                __seofread
 .text.__swrite
                0x0000000008007d04       0x38 /usr/bin/../lib/gcc/arm-none-eabi/4.9.3/../../../../arm-none-eabi/lib/armv7e-m/fpu/libc.a(lib_a-stdio.o)
                0x0000000008007d04                __swrite
 .text.__sseek  0x0000000008007d3c       0x20 /usr/bin/../lib/gcc/arm-none-eabi/4.9.3/../../../../arm-none-eabi/lib/armv7e-m/fpu/libc.a(lib_a-stdio.o)
                0x0000000008007d3c                __sseek
 .text.__sclose
                0x0000000008007d5c        0x8 /usr/bin/../lib/gcc/arm-none-eabi/4.9.3/../../../../arm-none-eabi/lib/armv7e-m/fpu/libc.a(lib_a-stdio.o)
                0x0000000008007d5c                __sclose
 *fill*         0x0000000008007d64       0x1c 
 .text          0x0000000008007d80      0x2dc /usr/bin/../lib/gcc/arm-none-eabi/4.9.3/../../../../arm-none-eabi/lib/armv7e-m/fpu/libc.a(lib_a-strcmp.o)
                0x0000000008007d88                strcmp
 .text          0x000000000800805c        0x0 /usr/bin/../lib/gcc/arm-none-eabi/4.9.3/../../../../arm-none-eabi/lib/armv7e-m/fpu/libc.a(lib_a-vfiprintf.o)
 .text.__sprint_r.part.0
                0x000000000800805c       0x78 /usr/bin/../lib/gcc/arm-none-eabi/4.9.3/../../../../arm-none-eabi/lib/armv7e-m/fpu/libc.a(lib_a-vfiprintf.o)
 .text.__sprint_r
                0x00000000080080d4       0x18 /usr/bin/../lib/gcc/arm-none-eabi/4.9.3/../../../../arm-none-eabi/lib/armv7e-m/fpu/libc.a(lib_a-vfiprintf.o)
                0x00000000080080d4                __sprint_r
 .text._vfiprintf_r
                0x00000000080080ec      0xc10 /usr/bin/../lib/gcc/arm-none-eabi/4.9.3/../../../../arm-none-eabi/lib/armv7e-m/fpu/libc.a(lib_a-vfiprintf.o)
                0x00000000080080ec                _vfiprintf_r
 .text.vfiprintf
                0x0000000008008cfc       0x18 /usr/bin/../lib/gcc/arm-none-eabi/4.9.3/../../../../arm-none-eabi/lib/armv7e-m/fpu/libc.a(lib_a-vfiprintf.o)
                0x0000000008008cfc                vfiprintf
 .text.__sbprintf
                0x0000000008008d14       0x78 /usr/bin/../lib/gcc/arm-none-eabi/4.9.3/../../../../arm-none-eabi/lib/armv7e-m/fpu/libc.a(lib_a-vfiprintf.o)
 .text          0x0000000008008d8c        0x0 /usr/bin/../lib/gcc/arm-none-eabi/4.9.3/../../../../arm-none-eabi/lib/armv7e-m/fpu/libc.a(lib_a-writer.o)
 .text._write_r
                0x0000000008008d8c       0x28 /usr/bin/../lib/gcc/arm-none-eabi/4.9.3/../../../../arm-none-eabi/lib/armv7e-m/fpu/libc.a(lib_a-writer.o)
                0x0000000008008d8c                _write_r
 .text          0x0000000008008db4        0x0 /usr/bin/../lib/gcc/arm-none-eabi/4.9.3/../../../../arm-none-eabi/lib/armv7e-m/fpu/libc.a(lib_a-__atexit.o)
 .text.__register_exitproc
                0x0000000008008db4       0xa4 /usr/bin/../lib/gcc/arm-none-eabi/4.9.3/../../../../arm-none-eabi/lib/armv7e-m/fpu/libc.a(lib_a-__atexit.o)
                0x0000000008008db4                __register_exitproc
 .text          0x0000000008008e58        0x0 /usr/bin/../lib/gcc/arm-none-eabi/4.9.3/../../../../arm-none-eabi/lib/armv7e-m/fpu/libc.a(lib_a-callocr.o)
 .text._calloc_r
                0x0000000008008e58       0x60 /usr/bin/../lib/gcc/arm-none-eabi/4.9.3/../../../../arm-none-eabi/lib/armv7e-m/fpu/libc.a(lib_a-callocr.o)
                0x0000000008008e58                _calloc_r
 .text          0x0000000008008eb8        0x0 /usr/bin/../lib/gcc/arm-none-eabi/4.9.3/../../../../arm-none-eabi/lib/armv7e-m/fpu/libc.a(lib_a-closer.o)
 .text._close_r
                0x0000000008008eb8       0x24 /usr/bin/../lib/gcc/arm-none-eabi/4.9.3/../../../../arm-none-eabi/lib/armv7e-m/fpu/libc.a(lib_a-closer.o)
                0x0000000008008eb8                _close_r
 .text          0x0000000008008edc        0x0 /usr/bin/../lib/gcc/arm-none-eabi/4.9.3/../../../../arm-none-eabi/lib/armv7e-m/fpu/libc.a(lib_a-fclose.o)
 .text._fclose_r
                0x0000000008008edc       0x84 /usr/bin/../lib/gcc/arm-none-eabi/4.9.3/../../../../arm-none-eabi/lib/armv7e-m/fpu/libc.a(lib_a-fclose.o)
                0x0000000008008edc                _fclose_r
 .text.fclose   0x0000000008008f60       0x10 /usr/bin/../lib/gcc/arm-none-eabi/4.9.3/../../../../arm-none-eabi/lib/armv7e-m/fpu/libc.a(lib_a-fclose.o)
                0x0000000008008f60                fclose
 .text          0x0000000008008f70        0x0 /usr/bin/../lib/gcc/arm-none-eabi/4.9.3/../../../../arm-none-eabi/lib/armv7e-m/fpu/libc.a(lib_a-fputwc.o)
 .text.__fputwc
                0x0000000008008f70       0xb0 /usr/bin/../lib/gcc/arm-none-eabi/4.9.3/../../../../arm-none-eabi/lib/armv7e-m/fpu/libc.a(lib_a-fputwc.o)
                0x0000000008008f70                __fputwc
 .text._fputwc_r
                0x0000000008009020       0x24 /usr/bin/../lib/gcc/arm-none-eabi/4.9.3/../../../../arm-none-eabi/lib/armv7e-m/fpu/libc.a(lib_a-fputwc.o)
                0x0000000008009020                _fputwc_r
 .text.fputwc   0x0000000008009044       0x28 /usr/bin/../lib/gcc/arm-none-eabi/4.9.3/../../../../arm-none-eabi/lib/armv7e-m/fpu/libc.a(lib_a-fputwc.o)
                0x0000000008009044                fputwc
 .text          0x000000000800906c        0x0 /usr/bin/../lib/gcc/arm-none-eabi/4.9.3/../../../../arm-none-eabi/lib/armv7e-m/fpu/libc.a(lib_a-fstatr.o)
 .text._fstat_r
                0x000000000800906c       0x28 /usr/bin/../lib/gcc/arm-none-eabi/4.9.3/../../../../arm-none-eabi/lib/armv7e-m/fpu/libc.a(lib_a-fstatr.o)
                0x000000000800906c                _fstat_r
 .text          0x0000000008009094        0x0 /usr/bin/../lib/gcc/arm-none-eabi/4.9.3/../../../../arm-none-eabi/lib/armv7e-m/fpu/libc.a(lib_a-isattyr.o)
 .text._isatty_r
                0x0000000008009094       0x24 /usr/bin/../lib/gcc/arm-none-eabi/4.9.3/../../../../arm-none-eabi/lib/armv7e-m/fpu/libc.a(lib_a-isattyr.o)
                0x0000000008009094                _isatty_r
 .text          0x00000000080090b8        0x0 /usr/bin/../lib/gcc/arm-none-eabi/4.9.3/../../../../arm-none-eabi/lib/armv7e-m/fpu/libc.a(lib_a-lseekr.o)
 .text._lseek_r
                0x00000000080090b8       0x28 /usr/bin/../lib/gcc/arm-none-eabi/4.9.3/../../../../arm-none-eabi/lib/armv7e-m/fpu/libc.a(lib_a-lseekr.o)
                0x00000000080090b8                _lseek_r
 .text          0x00000000080090e0        0x0 /usr/bin/../lib/gcc/arm-none-eabi/4.9.3/../../../../arm-none-eabi/lib/armv7e-m/fpu/libc.a(lib_a-readr.o)
 .text._read_r  0x00000000080090e0       0x28 /usr/bin/../lib/gcc/arm-none-eabi/4.9.3/../../../../arm-none-eabi/lib/armv7e-m/fpu/libc.a(lib_a-readr.o)
                0x00000000080090e0                _read_r
 .text          0x0000000008009108        0x0 /usr/bin/../lib/gcc/arm-none-eabi/4.9.3/../../../../arm-none-eabi/lib/armv7e-m/fpu/libc.a(lib_a-reent.o)
 .text.cleanup_glue
                0x0000000008009108       0x1c /usr/bin/../lib/gcc/arm-none-eabi/4.9.3/../../../../arm-none-eabi/lib/armv7e-m/fpu/libc.a(lib_a-reent.o)
                0x0000000008009108                cleanup_glue
 .text._reclaim_reent
                0x0000000008009124       0x88 /usr/bin/../lib/gcc/arm-none-eabi/4.9.3/../../../../arm-none-eabi/lib/armv7e-m/fpu/libc.a(lib_a-reent.o)
                0x0000000008009124                _reclaim_reent
 .text          0x00000000080091ac        0x0 /usr/bin/../lib/gcc/arm-none-eabi/4.9.3/../../../../arm-none-eabi/lib/armv7e-m/fpu/libc.a(lib_a-wbuf.o)
 .text.__swbuf_r
                0x00000000080091ac       0xa8 /usr/bin/../lib/gcc/arm-none-eabi/4.9.3/../../../../arm-none-eabi/lib/armv7e-m/fpu/libc.a(lib_a-wbuf.o)
                0x00000000080091ac                __swbuf_r
 .text.__swbuf  0x0000000008009254       0x10 /usr/bin/../lib/gcc/arm-none-eabi/4.9.3/../../../../arm-none-eabi/lib/armv7e-m/fpu/libc.a(lib_a-wbuf.o)
                0x0000000008009254                __swbuf
 .text          0x0000000008009264        0x0 /usr/bin/../lib/gcc/arm-none-eabi/4.9.3/../../../../arm-none-eabi/lib/armv7e-m/fpu/libc.a(lib_a-wcrtomb.o)
 .text._wcrtomb_r
                0x0000000008009264       0x54 /usr/bin/../lib/gcc/arm-none-eabi/4.9.3/../../../../arm-none-eabi/lib/armv7e-m/fpu/libc.a(lib_a-wcrtomb.o)
                0x0000000008009264                _wcrtomb_r
 .text.wcrtomb  0x00000000080092b8       0x58 /usr/bin/../lib/gcc/arm-none-eabi/4.9.3/../../../../arm-none-eabi/lib/armv7e-m/fpu/libc.a(lib_a-wcrtomb.o)
                0x00000000080092b8                wcrtomb
 .text          0x0000000008009310        0x0 /usr/bin/../lib/gcc/arm-none-eabi/4.9.3/../../../../arm-none-eabi/lib/armv7e-m/fpu/libc.a(lib_a-wctomb_r.o)
 .text.__ascii_wctomb
                0x0000000008009310       0x1c /usr/bin/../lib/gcc/arm-none-eabi/4.9.3/../../../../arm-none-eabi/lib/armv7e-m/fpu/libc.a(lib_a-wctomb_r.o)
                0x0000000008009310                __ascii_wctomb
 .text._wctomb_r
                0x000000000800932c       0x30 /usr/bin/../lib/gcc/arm-none-eabi/4.9.3/../../../../arm-none-eabi/lib/armv7e-m/fpu/libc.a(lib_a-wctomb_r.o)
                0x000000000800932c                _wctomb_r
 .text          0x000000000800935c      0x370 /usr/bin/../lib/gcc/arm-none-eabi/4.9.3/armv7e-m/fpu/libgcc.a(_arm_addsubdf3.o)
                0x000000000800935c                __aeabi_drsub
                0x0000000008009364                __aeabi_dsub
                0x0000000008009364                __subdf3
                0x0000000008009368                __adddf3
                0x0000000008009368                __aeabi_dadd
                0x00000000080095e0                __aeabi_ui2d
                0x00000000080095e0                __floatunsidf
                0x0000000008009600                __floatsidf
                0x0000000008009600                __aeabi_i2d
                0x0000000008009624                __extendsfdf2
                0x0000000008009624                __aeabi_f2d
                0x0000000008009660                __aeabi_ul2d
                0x0000000008009660                __floatundidf
                0x0000000008009670                __floatdidf
                0x0000000008009670                __aeabi_l2d
 .text          0x00000000080096cc      0x424 /usr/bin/../lib/gcc/arm-none-eabi/4.9.3/armv7e-m/fpu/libgcc.a(_arm_muldivdf3.o)
                0x00000000080096cc                __aeabi_dmul
                0x00000000080096cc                __muldf3
                0x0000000008009920                __aeabi_ddiv
                0x0000000008009920                __divdf3
 .text          0x0000000008009af0      0x110 /usr/bin/../lib/gcc/arm-none-eabi/4.9.3/armv7e-m/fpu/libgcc.a(_arm_cmpdf2.o)
                0x0000000008009af0                __gtdf2
                0x0000000008009af0                __gedf2
                0x0000000008009af8                __ltdf2
                0x0000000008009af8                __ledf2
                0x0000000008009b00                __cmpdf2
                0x0000000008009b00                __eqdf2
                0x0000000008009b00                __nedf2
                0x0000000008009b7c                __aeabi_cdrcmple
                0x0000000008009b8c                __aeabi_cdcmple
                0x0000000008009b8c                __aeabi_cdcmpeq
                0x0000000008009b9c                __aeabi_dcmpeq
                0x0000000008009bb0                __aeabi_dcmplt
                0x0000000008009bc4                __aeabi_dcmple
                0x0000000008009bd8                __aeabi_dcmpge
                0x0000000008009bec                __aeabi_dcmpgt
 .text          0x0000000008009c00       0x50 /usr/bin/../lib/gcc/arm-none-eabi/4.9.3/armv7e-m/fpu/libgcc.a(_arm_fixdfsi.o)
                0x0000000008009c00                __fixdfsi
                0x0000000008009c00                __aeabi_d2iz
 .text          0x0000000008009c50       0x30 /usr/bin/../lib/gcc/arm-none-eabi/4.9.3/armv7e-m/fpu/libgcc.a(_aeabi_uldivmod.o)
                0x0000000008009c50                __aeabi_uldivmod
 .text          0x0000000008009c80       0x60 /usr/bin/../lib/gcc/arm-none-eabi/4.9.3/armv7e-m/fpu/libgcc.a(bpabi.o)
                0x0000000008009c80                __gnu_ldivmod_helper
                0x0000000008009cb0                __gnu_uldivmod_helper
 .text          0x0000000008009ce0        0x4 /usr/bin/../lib/gcc/arm-none-eabi/4.9.3/armv7e-m/fpu/libgcc.a(_dvmd_tls.o)
                0x0000000008009ce0                __aeabi_ldiv0
                0x0000000008009ce0                __aeabi_idiv0
 .text          0x0000000008009ce4      0x29c /usr/bin/../lib/gcc/arm-none-eabi/4.9.3/armv7e-m/fpu/libgcc.a(_divdi3.o)
                0x0000000008009ce4                __divdi3
 .text          0x0000000008009f80      0x26c /usr/bin/../lib/gcc/arm-none-eabi/4.9.3/armv7e-m/fpu/libgcc.a(_udivdi3.o)
                0x0000000008009f80                __udivdi3
 .text          0x000000000800a1ec        0x0 /usr/bin/../lib/gcc/arm-none-eabi/4.9.3/armv7e-m/fpu/crtend.o
 .text          0x000000000800a1ec        0x0 /usr/bin/../lib/gcc/arm-none-eabi/4.9.3/armv7e-m/fpu/crtn.o
 *(.glue_7)
 .glue_7        0x0000000000000000        0x0 linker stubs
 *(.glue_7t)
 .glue_7t       0x0000000000000000        0x0 linker stubs
 *(.rodata .rodata* .gnu.linkonce.r*)
 .rodata.str1.4
                0x000000000800a1ec       0x34 bin/main.o
 .rodata.str1.4
                0x000000000800a220       0x17 bin/leds.o
 *fill*         0x000000000800a237        0x1 
 .rodata.str1.4
                0x000000000800a238       0xd0 bin/enet.o
 .rodata.g_eth_src_mac
                0x000000000800a308        0x6 bin/enet.o
 *fill*         0x000000000800a30e        0x2 
 .rodata.str1.4
                0x000000000800a310      0x146 bin/dmxl.o
 *fill*         0x000000000800a456        0x2 
 .rodata        0x000000000800a458        0x6 bin/tactile.o
 *fill*         0x000000000800a45e        0x2 
 .rodata.g_tactile_sensors_per_port
                0x000000000800a460        0x4 bin/tactile.o
 .rodata.g_tactile_palm_addrs
                0x000000000800a464        0xb bin/tactile.o
 *fill*         0x000000000800a46f        0x1 
 .rodata.str1.4
                0x000000000800a470       0x66 bin/tactile.o
 *fill*         0x000000000800a4d6        0x2 
 .rodata.g_tactile_finger_addrs
                0x000000000800a4d8        0x9 bin/tactile.o
 *fill*         0x000000000800a4e1        0x3 
 .rodata.str1.4
                0x000000000800a4e4        0xc bin/enc.o
 .rodata.poll_targets
                0x000000000800a4f0       0x6c bin/async_poll.o
 .rodata.errSequence
                0x000000000800a55c       0x60 bin/error.o
 .rodata.str1.4
                0x000000000800a5bc        0x2 /usr/bin/../lib/gcc/arm-none-eabi/4.9.3/../../../../arm-none-eabi/lib/armv7e-m/fpu/libc.a(lib_a-impure.o)
 *fill*         0x000000000800a5be        0x2 
 .rodata._global_impure_ptr
                0x000000000800a5c0        0x4 /usr/bin/../lib/gcc/arm-none-eabi/4.9.3/../../../../arm-none-eabi/lib/armv7e-m/fpu/libc.a(lib_a-impure.o)
                0x000000000800a5c0                _global_impure_ptr
 .rodata.str1.4
                0x0000000000000000        0x2 /usr/bin/../lib/gcc/arm-none-eabi/4.9.3/../../../../arm-none-eabi/lib/armv7e-m/fpu/libc.a(lib_a-puts.o)
 .rodata.zeroes.6926
                0x000000000800a5c4       0x10 /usr/bin/../lib/gcc/arm-none-eabi/4.9.3/../../../../arm-none-eabi/lib/armv7e-m/fpu/libc.a(lib_a-vfprintf.o)
 .rodata.str1.4
                0x000000000800a5d4       0x42 /usr/bin/../lib/gcc/arm-none-eabi/4.9.3/../../../../arm-none-eabi/lib/armv7e-m/fpu/libc.a(lib_a-vfprintf.o)
 *fill*         0x000000000800a616        0x2 
 .rodata.blanks.6925
                0x000000000800a618       0x10 /usr/bin/../lib/gcc/arm-none-eabi/4.9.3/../../../../arm-none-eabi/lib/armv7e-m/fpu/libc.a(lib_a-vfprintf.o)
 .rodata.str1.4
                0x000000000800a628       0x10 /usr/bin/../lib/gcc/arm-none-eabi/4.9.3/../../../../arm-none-eabi/lib/armv7e-m/fpu/libc.a(lib_a-dtoa.o)
                                         0x12 (size before relaxing)
 .rodata.str1.4
                0x000000000800a638        0xc /usr/bin/../lib/gcc/arm-none-eabi/4.9.3/../../../../arm-none-eabi/lib/armv7e-m/fpu/libc.a(lib_a-locale.o)
                                         0x12 (size before relaxing)
 *fill*         0x000000000800a644        0x4 
 .rodata.__mprec_tens
                0x000000000800a648       0xc8 /usr/bin/../lib/gcc/arm-none-eabi/4.9.3/../../../../arm-none-eabi/lib/armv7e-m/fpu/libc.a(lib_a-mprec.o)
                0x000000000800a648                __mprec_tens
 .rodata.p05.5302
                0x000000000800a710        0xc /usr/bin/../lib/gcc/arm-none-eabi/4.9.3/../../../../arm-none-eabi/lib/armv7e-m/fpu/libc.a(lib_a-mprec.o)
 *fill*         0x000000000800a71c        0x4 
 .rodata.__mprec_bigtens
                0x000000000800a720       0x28 /usr/bin/../lib/gcc/arm-none-eabi/4.9.3/../../../../arm-none-eabi/lib/armv7e-m/fpu/libc.a(lib_a-mprec.o)
                0x000000000800a720                __mprec_bigtens
 .rodata.__mprec_tinytens
                0x000000000800a748       0x28 /usr/bin/../lib/gcc/arm-none-eabi/4.9.3/../../../../arm-none-eabi/lib/armv7e-m/fpu/libc.a(lib_a-mprec.o)
                0x000000000800a748                __mprec_tinytens
 .rodata.zeroes.6869
                0x000000000800a770       0x10 /usr/bin/../lib/gcc/arm-none-eabi/4.9.3/../../../../arm-none-eabi/lib/armv7e-m/fpu/libc.a(lib_a-vfiprintf.o)
 .rodata.str1.4
                0x0000000000000000       0x2f /usr/bin/../lib/gcc/arm-none-eabi/4.9.3/../../../../arm-none-eabi/lib/armv7e-m/fpu/libc.a(lib_a-vfiprintf.o)
 .rodata.blanks.6868
                0x000000000800a780       0x10 /usr/bin/../lib/gcc/arm-none-eabi/4.9.3/../../../../arm-none-eabi/lib/armv7e-m/fpu/libc.a(lib_a-vfiprintf.o)
                0x000000000800a790                . = ALIGN (0x4)
 *(.init)
 .init          0x000000000800a790        0x4 /usr/bin/../lib/gcc/arm-none-eabi/4.9.3/armv7e-m/fpu/crti.o
                0x000000000800a790                _init
 .init          0x000000000800a794        0x8 /usr/bin/../lib/gcc/arm-none-eabi/4.9.3/armv7e-m/fpu/crtn.o
                0x000000000800a79c                . = ALIGN (0x4)
                0x000000000800a79c                __preinit_array_start = .
 *(.preinit_array)
                0x000000000800a79c                __preinit_array_end = .
                0x000000000800a79c                . = ALIGN (0x4)
                0x000000000800a79c                __init_array_start = .
 *(SORT(.init_array.*))
 .init_array.00000
                0x000000000800a79c        0x4 /usr/bin/../lib/gcc/arm-none-eabi/4.9.3/../../../../arm-none-eabi/lib/armv7e-m/fpu/libc.a(lib_a-__call_atexit.o)
 *(.init_array)
 .init_array    0x000000000800a7a0        0x4 /usr/bin/../lib/gcc/arm-none-eabi/4.9.3/armv7e-m/fpu/crtbegin.o
                0x000000000800a7a4                __init_array_end = .
                0x000000000800a7a4                . = ALIGN (0x4)
 *(.fini)
 .fini          0x000000000800a7a4        0x4 /usr/bin/../lib/gcc/arm-none-eabi/4.9.3/armv7e-m/fpu/crti.o
                0x000000000800a7a4                _fini
 .fini          0x000000000800a7a8        0x8 /usr/bin/../lib/gcc/arm-none-eabi/4.9.3/armv7e-m/fpu/crtn.o
                0x000000000800a7b0                . = ALIGN (0x4)
                0x000000000800a7b0                __fini_array_start = .
 *(SORT(.fini_array.*))
 *(.fini_array)
 .fini_array    0x000000000800a7b0        0x4 /usr/bin/../lib/gcc/arm-none-eabi/4.9.3/armv7e-m/fpu/crtbegin.o
                0x000000000800a7b4                __fini_array_end = .
                0x000000000800a7b4                . = ALIGN (0x4)
 *crtbegin.o(.ctors)
 *(EXCLUDE_FILE(*crtend.o) .ctors)
 *(SORT(.ctors.*))
 *crtend.o(.ctors)
                0x000000000800a7b4                . = ALIGN (0x4)
 *crtbegin.o(.dtors)
 *(EXCLUDE_FILE(*crtend.o) .dtors)
 *(SORT(.dtors.*))
 *crtend.o(.dtors)

.vfp11_veneer   0x000000000800a7b4        0x0
 .vfp11_veneer  0x0000000000000000        0x0 linker stubs

.v4_bx          0x000000000800a7b4        0x0
 .v4_bx         0x0000000000000000        0x0 linker stubs

.iplt           0x000000000800a7b4        0x0
 .iplt          0x0000000000000000        0x0 /usr/bin/../lib/gcc/arm-none-eabi/4.9.3/armv7e-m/fpu/crtbegin.o
                0x000000000800a7b4                . = ALIGN (0x4)

.ARM.extab      0x000000000800a7b4        0x0
 *(.ARM.extab* .gnu.linkonce.armextab.*)
 .ARM.extab     0x000000000800a7b4        0x0 /usr/bin/../lib/gcc/arm-none-eabi/4.9.3/../../../../arm-none-eabi/lib/armv7e-m/fpu/crt0.o
 .ARM.extab     0x000000000800a7b4        0x0 /usr/bin/../lib/gcc/arm-none-eabi/4.9.3/armv7e-m/fpu/libgcc.a(_divdi3.o)
 .ARM.extab     0x000000000800a7b4        0x0 /usr/bin/../lib/gcc/arm-none-eabi/4.9.3/armv7e-m/fpu/libgcc.a(_udivdi3.o)

.eh_frame       0x000000000800a7b4       0x74
 .eh_frame      0x000000000800a7b4        0x0 /usr/bin/../lib/gcc/arm-none-eabi/4.9.3/armv7e-m/fpu/crtbegin.o
 .eh_frame      0x000000000800a7b4       0x70 /usr/bin/../lib/gcc/arm-none-eabi/4.9.3/../../../../arm-none-eabi/lib/armv7e-m/fpu/libc.a(lib_a-strcmp.o)
 .eh_frame      0x000000000800a824        0x4 /usr/bin/../lib/gcc/arm-none-eabi/4.9.3/armv7e-m/fpu/crtend.o

.jcr            0x000000000800a828        0x4
 .jcr           0x000000000800a828        0x0 /usr/bin/../lib/gcc/arm-none-eabi/4.9.3/armv7e-m/fpu/crtbegin.o
 .jcr           0x000000000800a828        0x4 /usr/bin/../lib/gcc/arm-none-eabi/4.9.3/armv7e-m/fpu/crtend.o

.igot.plt       0x000000000800a82c        0x0
 .igot.plt      0x0000000000000000        0x0 /usr/bin/../lib/gcc/arm-none-eabi/4.9.3/armv7e-m/fpu/crtbegin.o

.ARM.exidx      0x000000000800a82c        0x8
                0x000000000800a82c                __exidx_start = .
 *(.ARM.exidx* .gnu.linkonce.armexidx.*)
 .ARM.exidx     0x000000000800a82c        0x8 /usr/bin/../lib/gcc/arm-none-eabi/4.9.3/../../../../arm-none-eabi/lib/armv7e-m/fpu/crt0.o
 .ARM.exidx     0x000000000800a834        0x0 /usr/bin/../lib/gcc/arm-none-eabi/4.9.3/armv7e-m/fpu/libgcc.a(_divdi3.o)
                                          0x8 (size before relaxing)
 .ARM.exidx     0x000000000800a834        0x0 /usr/bin/../lib/gcc/arm-none-eabi/4.9.3/armv7e-m/fpu/libgcc.a(_udivdi3.o)
                                          0x8 (size before relaxing)
                0x000000000800a834                __exidx_end = .
                0x000000000800a834                _srelocate_flash = .

.rel.dyn        0x000000000800a834        0x0
 .rel.iplt      0x0000000000000000        0x0 /usr/bin/../lib/gcc/arm-none-eabi/4.9.3/armv7e-m/fpu/crtbegin.o

.relocate       0x0000000020000000      0x944 load address 0x000000000800a834
                0x0000000020000000                . = ALIGN (0x4)
                0x0000000020000000                _srelocate = .
 *(.ramfunc .ramfunc.*)
 *(.data .data.*)
 .data          0x0000000020000000        0x0 /usr/bin/../lib/gcc/arm-none-eabi/4.9.3/armv7e-m/fpu/crti.o
 .data          0x0000000020000000        0x4 /usr/bin/../lib/gcc/arm-none-eabi/4.9.3/armv7e-m/fpu/crtbegin.o
                0x0000000020000000                __dso_handle
 .data          0x0000000020000004        0x0 /usr/bin/../lib/gcc/arm-none-eabi/4.9.3/../../../../arm-none-eabi/lib/armv7e-m/fpu/crt0.o
 .data          0x0000000020000004        0x0 bin/startup.o
 .data          0x0000000020000004        0x0 bin/main.o
 .data          0x0000000020000004        0x0 bin/leds.o
 .data          0x0000000020000004        0x0 bin/console.o
 .data          0x0000000020000004        0x0 bin/stubs.o
 .data          0x0000000020000004        0x0 bin/enet.o
 .data.g_eth_dma_tx_next_desc
                0x0000000020000004        0x4 bin/enet.o
 .data.g_eth_dma_rx_next_desc
                0x0000000020000008        0x4 bin/enet.o
 .data          0x000000002000000c        0x0 bin/systime.o
 .data          0x000000002000000c        0x0 bin/dmxl.o
 .data.g_dmxl_ports
                0x000000002000000c       0x60 bin/dmxl.o
 .data.dmxl_poll_states
                0x000000002000006c       0x10 bin/dmxl.o
                0x000000002000006c                dmxl_poll_states
 .data          0x000000002000007c        0x0 bin/fan.o
 .data          0x000000002000007c        0x0 bin/tactile.o
 .data          0x000000002000007c        0x0 bin/pin.o
 .data          0x000000002000007c        0x0 bin/enc.o
 .data.enc_poll_state
                0x000000002000007c        0x4 bin/enc.o
                0x000000002000007c                enc_poll_state
 .data.all_the_same.6610
                0x0000000020000080        0x1 bin/enc.o
 .data          0x0000000020000081        0x0 bin/state.o
 .data          0x0000000020000081        0x0 bin/async_poll.o
 .data          0x0000000020000081        0x0 bin/delay.o
 .data          0x0000000020000081        0x0 bin/error.o
 .data          0x0000000020000081        0x0 /usr/bin/../lib/gcc/arm-none-eabi/4.9.3/../../../../arm-none-eabi/lib/armv7e-m/fpu/libc.a(lib_a-exit.o)
 .data          0x0000000020000081        0x0 /usr/bin/../lib/gcc/arm-none-eabi/4.9.3/../../../../arm-none-eabi/lib/armv7e-m/fpu/libc.a(lib_a-impure.o)
 *fill*         0x0000000020000081        0x7 
 .data.impure_data
                0x0000000020000088      0x428 /usr/bin/../lib/gcc/arm-none-eabi/4.9.3/../../../../arm-none-eabi/lib/armv7e-m/fpu/libc.a(lib_a-impure.o)
 .data._impure_ptr
                0x00000000200004b0        0x4 /usr/bin/../lib/gcc/arm-none-eabi/4.9.3/../../../../arm-none-eabi/lib/armv7e-m/fpu/libc.a(lib_a-impure.o)
                0x00000000200004b0                _impure_ptr
 .data          0x00000000200004b4        0x0 /usr/bin/../lib/gcc/arm-none-eabi/4.9.3/../../../../arm-none-eabi/lib/armv7e-m/fpu/libc.a(lib_a-init.o)
 .data          0x00000000200004b4        0x0 /usr/bin/../lib/gcc/arm-none-eabi/4.9.3/../../../../arm-none-eabi/lib/armv7e-m/fpu/libc.a(lib_a-memcpy.o)
 .data          0x00000000200004b4        0x0 /usr/bin/../lib/gcc/arm-none-eabi/4.9.3/../../../../arm-none-eabi/lib/armv7e-m/fpu/libc.a(lib_a-memset.o)
 .data          0x00000000200004b4        0x0 /usr/bin/../lib/gcc/arm-none-eabi/4.9.3/../../../../arm-none-eabi/lib/armv7e-m/fpu/libc.a(lib_a-printf.o)
 .data          0x00000000200004b4        0x0 /usr/bin/../lib/gcc/arm-none-eabi/4.9.3/../../../../arm-none-eabi/lib/armv7e-m/fpu/libc.a(lib_a-puts.o)
 .data          0x00000000200004b4        0x0 /usr/bin/../lib/gcc/arm-none-eabi/4.9.3/../../../../arm-none-eabi/lib/armv7e-m/fpu/libc.a(lib_a-strlen.o)
 .data          0x00000000200004b4        0x0 /usr/bin/../lib/gcc/arm-none-eabi/4.9.3/../../../../arm-none-eabi/lib/armv7e-m/fpu/libc.a(lib_a-vfprintf.o)
 .data          0x00000000200004b4        0x0 /usr/bin/../lib/gcc/arm-none-eabi/4.9.3/../../../../arm-none-eabi/lib/armv7e-m/fpu/libc.a(lib_a-wsetup.o)
 .data          0x00000000200004b4        0x0 /usr/bin/../lib/gcc/arm-none-eabi/4.9.3/../../../../arm-none-eabi/lib/armv7e-m/fpu/libc.a(lib_a-__call_atexit.o)
 .data          0x00000000200004b4        0x0 /usr/bin/../lib/gcc/arm-none-eabi/4.9.3/../../../../arm-none-eabi/lib/armv7e-m/fpu/libc.a(lib_a-atexit.o)
 .data          0x00000000200004b4        0x0 /usr/bin/../lib/gcc/arm-none-eabi/4.9.3/../../../../arm-none-eabi/lib/armv7e-m/fpu/libc.a(lib_a-dtoa.o)
 .data          0x00000000200004b4        0x0 /usr/bin/../lib/gcc/arm-none-eabi/4.9.3/../../../../arm-none-eabi/lib/armv7e-m/fpu/libc.a(lib_a-fflush.o)
 .data          0x00000000200004b4        0x0 /usr/bin/../lib/gcc/arm-none-eabi/4.9.3/../../../../arm-none-eabi/lib/armv7e-m/fpu/libc.a(lib_a-findfp.o)
 .data          0x00000000200004b4        0x0 /usr/bin/../lib/gcc/arm-none-eabi/4.9.3/../../../../arm-none-eabi/lib/armv7e-m/fpu/libc.a(lib_a-fini.o)
 .data          0x00000000200004b4        0x0 /usr/bin/../lib/gcc/arm-none-eabi/4.9.3/../../../../arm-none-eabi/lib/armv7e-m/fpu/libc.a(lib_a-freer.o)
 .data          0x00000000200004b4        0x0 /usr/bin/../lib/gcc/arm-none-eabi/4.9.3/../../../../arm-none-eabi/lib/armv7e-m/fpu/libc.a(lib_a-fvwrite.o)
 .data          0x00000000200004b4        0x0 /usr/bin/../lib/gcc/arm-none-eabi/4.9.3/../../../../arm-none-eabi/lib/armv7e-m/fpu/libc.a(lib_a-fwalk.o)
 .data          0x00000000200004b4        0x0 /usr/bin/../lib/gcc/arm-none-eabi/4.9.3/../../../../arm-none-eabi/lib/armv7e-m/fpu/libc.a(lib_a-locale.o)
 .data.lc_message_charset
                0x00000000200004b4       0x20 /usr/bin/../lib/gcc/arm-none-eabi/4.9.3/../../../../arm-none-eabi/lib/armv7e-m/fpu/libc.a(lib_a-locale.o)
 .data.lconv    0x00000000200004d4       0x38 /usr/bin/../lib/gcc/arm-none-eabi/4.9.3/../../../../arm-none-eabi/lib/armv7e-m/fpu/libc.a(lib_a-locale.o)
 .data.lc_ctype_charset
                0x000000002000050c       0x20 /usr/bin/../lib/gcc/arm-none-eabi/4.9.3/../../../../arm-none-eabi/lib/armv7e-m/fpu/libc.a(lib_a-locale.o)
 .data.__mb_cur_max
                0x000000002000052c        0x4 /usr/bin/../lib/gcc/arm-none-eabi/4.9.3/../../../../arm-none-eabi/lib/armv7e-m/fpu/libc.a(lib_a-locale.o)
                0x000000002000052c                __mb_cur_max
 .data          0x0000000020000530        0x0 /usr/bin/../lib/gcc/arm-none-eabi/4.9.3/../../../../arm-none-eabi/lib/armv7e-m/fpu/libc.a(lib_a-makebuf.o)
 .data          0x0000000020000530        0x0 /usr/bin/../lib/gcc/arm-none-eabi/4.9.3/../../../../arm-none-eabi/lib/armv7e-m/fpu/libc.a(lib_a-mallocr.o)
 .data.__malloc_av_
                0x0000000020000530      0x408 /usr/bin/../lib/gcc/arm-none-eabi/4.9.3/../../../../arm-none-eabi/lib/armv7e-m/fpu/libc.a(lib_a-mallocr.o)
                0x0000000020000530                __malloc_av_
 .data.__malloc_trim_threshold
                0x0000000020000938        0x4 /usr/bin/../lib/gcc/arm-none-eabi/4.9.3/../../../../arm-none-eabi/lib/armv7e-m/fpu/libc.a(lib_a-mallocr.o)
                0x0000000020000938                __malloc_trim_threshold
 .data.__malloc_sbrk_base
                0x000000002000093c        0x4 /usr/bin/../lib/gcc/arm-none-eabi/4.9.3/../../../../arm-none-eabi/lib/armv7e-m/fpu/libc.a(lib_a-mallocr.o)
                0x000000002000093c                __malloc_sbrk_base
 .data          0x0000000020000940        0x0 /usr/bin/../lib/gcc/arm-none-eabi/4.9.3/../../../../arm-none-eabi/lib/armv7e-m/fpu/libc.a(lib_a-memchr.o)
 .data          0x0000000020000940        0x0 /usr/bin/../lib/gcc/arm-none-eabi/4.9.3/../../../../arm-none-eabi/lib/armv7e-m/fpu/libc.a(lib_a-memmove.o)
 .data          0x0000000020000940        0x0 /usr/bin/../lib/gcc/arm-none-eabi/4.9.3/../../../../arm-none-eabi/lib/armv7e-m/fpu/libc.a(lib_a-mlock.o)
 .data          0x0000000020000940        0x0 /usr/bin/../lib/gcc/arm-none-eabi/4.9.3/../../../../arm-none-eabi/lib/armv7e-m/fpu/libc.a(lib_a-mprec.o)
 .data          0x0000000020000940        0x0 /usr/bin/../lib/gcc/arm-none-eabi/4.9.3/../../../../arm-none-eabi/lib/armv7e-m/fpu/libc.a(lib_a-reallocr.o)
 .data          0x0000000020000940        0x0 /usr/bin/../lib/gcc/arm-none-eabi/4.9.3/../../../../arm-none-eabi/lib/armv7e-m/fpu/libc.a(lib_a-s_fpclassify.o)
 .data          0x0000000020000940        0x0 /usr/bin/../lib/gcc/arm-none-eabi/4.9.3/../../../../arm-none-eabi/lib/armv7e-m/fpu/libc.a(lib_a-sbrkr.o)
 .data          0x0000000020000940        0x0 /usr/bin/../lib/gcc/arm-none-eabi/4.9.3/../../../../arm-none-eabi/lib/armv7e-m/fpu/libc.a(lib_a-stdio.o)
 .data          0x0000000020000940        0x0 /usr/bin/../lib/gcc/arm-none-eabi/4.9.3/../../../../arm-none-eabi/lib/armv7e-m/fpu/libc.a(lib_a-strcmp.o)
 .data          0x0000000020000940        0x0 /usr/bin/../lib/gcc/arm-none-eabi/4.9.3/../../../../arm-none-eabi/lib/armv7e-m/fpu/libc.a(lib_a-vfiprintf.o)
 .data          0x0000000020000940        0x0 /usr/bin/../lib/gcc/arm-none-eabi/4.9.3/../../../../arm-none-eabi/lib/armv7e-m/fpu/libc.a(lib_a-writer.o)
 .data          0x0000000020000940        0x0 /usr/bin/../lib/gcc/arm-none-eabi/4.9.3/../../../../arm-none-eabi/lib/armv7e-m/fpu/libc.a(lib_a-__atexit.o)
 .data          0x0000000020000940        0x0 /usr/bin/../lib/gcc/arm-none-eabi/4.9.3/../../../../arm-none-eabi/lib/armv7e-m/fpu/libc.a(lib_a-callocr.o)
 .data          0x0000000020000940        0x0 /usr/bin/../lib/gcc/arm-none-eabi/4.9.3/../../../../arm-none-eabi/lib/armv7e-m/fpu/libc.a(lib_a-closer.o)
 .data          0x0000000020000940        0x0 /usr/bin/../lib/gcc/arm-none-eabi/4.9.3/../../../../arm-none-eabi/lib/armv7e-m/fpu/libc.a(lib_a-fclose.o)
 .data          0x0000000020000940        0x0 /usr/bin/../lib/gcc/arm-none-eabi/4.9.3/../../../../arm-none-eabi/lib/armv7e-m/fpu/libc.a(lib_a-fputwc.o)
 .data          0x0000000020000940        0x0 /usr/bin/../lib/gcc/arm-none-eabi/4.9.3/../../../../arm-none-eabi/lib/armv7e-m/fpu/libc.a(lib_a-fstatr.o)
 .data          0x0000000020000940        0x0 /usr/bin/../lib/gcc/arm-none-eabi/4.9.3/../../../../arm-none-eabi/lib/armv7e-m/fpu/libc.a(lib_a-isattyr.o)
 .data          0x0000000020000940        0x0 /usr/bin/../lib/gcc/arm-none-eabi/4.9.3/../../../../arm-none-eabi/lib/armv7e-m/fpu/libc.a(lib_a-lseekr.o)
 .data          0x0000000020000940        0x0 /usr/bin/../lib/gcc/arm-none-eabi/4.9.3/../../../../arm-none-eabi/lib/armv7e-m/fpu/libc.a(lib_a-readr.o)
 .data          0x0000000020000940        0x0 /usr/bin/../lib/gcc/arm-none-eabi/4.9.3/../../../../arm-none-eabi/lib/armv7e-m/fpu/libc.a(lib_a-reent.o)
 .data          0x0000000020000940        0x0 /usr/bin/../lib/gcc/arm-none-eabi/4.9.3/../../../../arm-none-eabi/lib/armv7e-m/fpu/libc.a(lib_a-wbuf.o)
 .data          0x0000000020000940        0x0 /usr/bin/../lib/gcc/arm-none-eabi/4.9.3/../../../../arm-none-eabi/lib/armv7e-m/fpu/libc.a(lib_a-wcrtomb.o)
 .data          0x0000000020000940        0x0 /usr/bin/../lib/gcc/arm-none-eabi/4.9.3/../../../../arm-none-eabi/lib/armv7e-m/fpu/libc.a(lib_a-wctomb_r.o)
 .data.__wctomb
                0x0000000020000940        0x4 /usr/bin/../lib/gcc/arm-none-eabi/4.9.3/../../../../arm-none-eabi/lib/armv7e-m/fpu/libc.a(lib_a-wctomb_r.o)
                0x0000000020000940                __wctomb
 .data          0x0000000020000944        0x0 /usr/bin/../lib/gcc/arm-none-eabi/4.9.3/armv7e-m/fpu/libgcc.a(_arm_addsubdf3.o)
 .data          0x0000000020000944        0x0 /usr/bin/../lib/gcc/arm-none-eabi/4.9.3/armv7e-m/fpu/libgcc.a(_arm_muldivdf3.o)
 .data          0x0000000020000944        0x0 /usr/bin/../lib/gcc/arm-none-eabi/4.9.3/armv7e-m/fpu/libgcc.a(_arm_cmpdf2.o)
 .data          0x0000000020000944        0x0 /usr/bin/../lib/gcc/arm-none-eabi/4.9.3/armv7e-m/fpu/libgcc.a(_arm_fixdfsi.o)
 .data          0x0000000020000944        0x0 /usr/bin/../lib/gcc/arm-none-eabi/4.9.3/armv7e-m/fpu/libgcc.a(_aeabi_uldivmod.o)
 .data          0x0000000020000944        0x0 /usr/bin/../lib/gcc/arm-none-eabi/4.9.3/armv7e-m/fpu/libgcc.a(bpabi.o)
 .data          0x0000000020000944        0x0 /usr/bin/../lib/gcc/arm-none-eabi/4.9.3/armv7e-m/fpu/libgcc.a(_dvmd_tls.o)
 .data          0x0000000020000944        0x0 /usr/bin/../lib/gcc/arm-none-eabi/4.9.3/armv7e-m/fpu/libgcc.a(_divdi3.o)
 .data          0x0000000020000944        0x0 /usr/bin/../lib/gcc/arm-none-eabi/4.9.3/armv7e-m/fpu/libgcc.a(_udivdi3.o)
 .data          0x0000000020000944        0x0 /usr/bin/../lib/gcc/arm-none-eabi/4.9.3/armv7e-m/fpu/crtend.o
 .data          0x0000000020000944        0x0 /usr/bin/../lib/gcc/arm-none-eabi/4.9.3/armv7e-m/fpu/crtn.o
                0x0000000020000944                . = ALIGN (0x4)
                0x0000000020000944                _erelocate = .

.bss            0x0000000020000948     0xfd28 load address 0x000000000800b180
                0x0000000020000948                . = ALIGN (0x4)
                0x0000000020000948                _sbss = .
                0x0000000020000948                __bss_start__ = .
 *(.bss .bss.*)
 .bss           0x0000000020000948        0x0 /usr/bin/../lib/gcc/arm-none-eabi/4.9.3/armv7e-m/fpu/crti.o
 .bss           0x0000000020000948       0x1c /usr/bin/../lib/gcc/arm-none-eabi/4.9.3/armv7e-m/fpu/crtbegin.o
 .bss           0x0000000020000964        0x0 /usr/bin/../lib/gcc/arm-none-eabi/4.9.3/../../../../arm-none-eabi/lib/armv7e-m/fpu/crt0.o
 .bss           0x0000000020000964        0x0 bin/startup.o
 .bss           0x0000000020000964        0x0 bin/main.o
 .bss           0x0000000020000964        0x0 bin/leds.o
 .bss           0x0000000020000964        0x0 bin/console.o
 .bss.s_console_init_complete
                0x0000000020000964        0x1 bin/console.o
 .bss           0x0000000020000965        0x0 bin/stubs.o
 *fill*         0x0000000020000965        0x3 
 .bss.heap.5628
                0x0000000020000968        0x4 bin/stubs.o
 .bss           0x000000002000096c        0x0 bin/enet.o
 *fill*         0x000000002000096c        0x4 
 .bss.g_eth_udpbuf
                0x0000000020000970      0x5dc bin/enet.o
 .bss.g_eth_dma_rx_buf
                0x0000000020000f4c     0x8000 bin/enet.o
 .bss.g_eth_dma_tx_desc
                0x0000000020008f4c       0x40 bin/enet.o
 .bss.g_eth_rxpool_ptrs_wpos
                0x0000000020008f8c        0x2 bin/enet.o
 .bss.g_eth_rxpool_ptrs_rpos
                0x0000000020008f8e        0x2 bin/enet.o
 .bss.g_eth_rxpool_len
                0x0000000020008f90      0x100 bin/enet.o
 .bss.g_eth_rxpool_wpos
                0x0000000020009090        0x2 bin/enet.o
 *fill*         0x0000000020009092        0x2 
 .bss.g_eth_rxpool_start
                0x0000000020009094      0x200 bin/enet.o
 .bss.g_eth_dma_rx_desc
                0x0000000020009294      0x100 bin/enet.o
 .bss.g_eth_rxpool
                0x0000000020009394     0x4000 bin/enet.o
 .bss.g_eth_dma_tx_buf
                0x000000002000d394     0x2000 bin/enet.o
 .bss           0x000000002000f394        0x0 bin/systime.o
 .bss           0x000000002000f394        0x0 bin/dmxl.o
 .bss.pkts.6836
                0x000000002000f394       0x30 bin/dmxl.o
 .bss.g_dmxl_ring_wpos
                0x000000002000f3c4        0x8 bin/dmxl.o
 .bss.divider_is_sent
                0x000000002000f3cc        0x4 bin/dmxl.o
 .bss.dmxl_txbuf_readpos.6892
                0x000000002000f3d0        0x4 bin/dmxl.o
 .bss.g_dmxl_rx_pkt
                0x000000002000f3d4      0x400 bin/dmxl.o
 .bss.g_dmxl_ring_rpos
                0x000000002000f7d4        0x8 bin/dmxl.o
 .bss.dmxl_txbuf.6891
                0x000000002000f7dc      0x400 bin/dmxl.o
 .bss.g_dmxl_ring
                0x000000002000fbdc      0x400 bin/dmxl.o
 .bss.dmxl_control_mode
                0x000000002000ffdc        0x1 bin/dmxl.o
 *fill*         0x000000002000ffdd        0x3 
 .bss.dmxl_rx_start_time.6893
                0x000000002000ffe0       0x10 bin/dmxl.o
 .bss           0x000000002000fff0        0x0 bin/fan.o
 .bss           0x000000002000fff0        0x0 bin/tactile.o
 .bss.g_tactile_i2c_async_data
                0x000000002000fff0      0x400 bin/tactile.o
 .bss.state_start_time_us.7051
                0x00000000200103f0       0x10 bin/tactile.o
 .bss.g_tactile_internal_i2c_status
                0x0000000020010400        0x8 bin/tactile.o
 .bss.active_sensor_idx.7048
                0x0000000020010408       0x10 bin/tactile.o
 .bss.g_tactile_bridged_i2c_status
                0x0000000020010418        0x8 bin/tactile.o
                0x0000000020010418                g_tactile_bridged_i2c_status
 .bss.errCount.7045
                0x0000000020010420       0x10 bin/tactile.o
 .bss.g_tactile_i2c_async_address_fail
                0x0000000020010430        0x2 bin/tactile.o
 *fill*         0x0000000020010432        0x2 
 .bss.g_tactile_i2c_async_data_txrx_idx
                0x0000000020010434        0x4 bin/tactile.o
 .bss.tactile_poll_states
                0x0000000020010438       0x10 bin/tactile.o
                0x0000000020010438                tactile_poll_states
 .bss.g_tactile_i2c_async_address
                0x0000000020010448        0x4 bin/tactile.o
 .bss.g_tactile_i2c_async_start_us
                0x000000002001044c       0x10 bin/tactile.o
 .bss.g_tactile_i2c_async_data_len
                0x000000002001045c        0x4 bin/tactile.o
 .bss           0x0000000020010460        0x0 bin/pin.o
 .bss           0x0000000020010460        0x0 bin/enc.o
 .bss.enc_poll_state_word_idx.6608
                0x0000000020010460        0x4 bin/enc.o
 .bss.all_the_same_count.6611
                0x0000000020010464        0x1 bin/enc.o
 *fill*         0x0000000020010465        0x3 
 .bss.same_count.6612
                0x0000000020010468        0x3 bin/enc.o
 *fill*         0x000000002001046b        0x1 
 .bss.enc_poll_state_start_time_us.6609
                0x000000002001046c        0x4 bin/enc.o
 .bss           0x0000000020010470        0x0 bin/state.o
 .bss           0x0000000020010470        0x0 bin/async_poll.o
 .bss.async_poll_complete
                0x0000000020010470        0x4 bin/async_poll.o
 .bss.async_poll_start_time_us
                0x0000000020010474        0x4 bin/async_poll.o
 .bss           0x0000000020010478        0x0 bin/delay.o
 .bss           0x0000000020010478        0x0 bin/error.o
 .bss.flashStartTime.5603
                0x0000000020010478        0x4 bin/error.o
 .bss.errorIndex.5601
                0x000000002001047c        0x1 bin/error.o
 *fill*         0x000000002001047d        0x3 
 .bss.errDetected
                0x0000000020010480        0xc bin/error.o
 .bss.displaying.5600
                0x000000002001048c        0x1 bin/error.o
 .bss.flashIndex.5602
                0x000000002001048d        0x1 bin/error.o
 .bss           0x000000002001048e        0x0 /usr/bin/../lib/gcc/arm-none-eabi/4.9.3/../../../../arm-none-eabi/lib/armv7e-m/fpu/libc.a(lib_a-exit.o)
 .bss           0x000000002001048e        0x0 /usr/bin/../lib/gcc/arm-none-eabi/4.9.3/../../../../arm-none-eabi/lib/armv7e-m/fpu/libc.a(lib_a-impure.o)
 .bss           0x000000002001048e        0x0 /usr/bin/../lib/gcc/arm-none-eabi/4.9.3/../../../../arm-none-eabi/lib/armv7e-m/fpu/libc.a(lib_a-init.o)
 .bss           0x000000002001048e        0x0 /usr/bin/../lib/gcc/arm-none-eabi/4.9.3/../../../../arm-none-eabi/lib/armv7e-m/fpu/libc.a(lib_a-memcpy.o)
 .bss           0x000000002001048e        0x0 /usr/bin/../lib/gcc/arm-none-eabi/4.9.3/../../../../arm-none-eabi/lib/armv7e-m/fpu/libc.a(lib_a-memset.o)
 .bss           0x000000002001048e        0x0 /usr/bin/../lib/gcc/arm-none-eabi/4.9.3/../../../../arm-none-eabi/lib/armv7e-m/fpu/libc.a(lib_a-printf.o)
 .bss           0x000000002001048e        0x0 /usr/bin/../lib/gcc/arm-none-eabi/4.9.3/../../../../arm-none-eabi/lib/armv7e-m/fpu/libc.a(lib_a-puts.o)
 .bss           0x000000002001048e        0x0 /usr/bin/../lib/gcc/arm-none-eabi/4.9.3/../../../../arm-none-eabi/lib/armv7e-m/fpu/libc.a(lib_a-strlen.o)
 .bss           0x000000002001048e        0x0 /usr/bin/../lib/gcc/arm-none-eabi/4.9.3/../../../../arm-none-eabi/lib/armv7e-m/fpu/libc.a(lib_a-vfprintf.o)
 .bss           0x000000002001048e        0x0 /usr/bin/../lib/gcc/arm-none-eabi/4.9.3/../../../../arm-none-eabi/lib/armv7e-m/fpu/libc.a(lib_a-wsetup.o)
 .bss           0x000000002001048e        0x0 /usr/bin/../lib/gcc/arm-none-eabi/4.9.3/../../../../arm-none-eabi/lib/armv7e-m/fpu/libc.a(lib_a-__call_atexit.o)
 .bss           0x000000002001048e        0x0 /usr/bin/../lib/gcc/arm-none-eabi/4.9.3/../../../../arm-none-eabi/lib/armv7e-m/fpu/libc.a(lib_a-atexit.o)
 .bss           0x000000002001048e        0x0 /usr/bin/../lib/gcc/arm-none-eabi/4.9.3/../../../../arm-none-eabi/lib/armv7e-m/fpu/libc.a(lib_a-dtoa.o)
 .bss           0x000000002001048e        0x0 /usr/bin/../lib/gcc/arm-none-eabi/4.9.3/../../../../arm-none-eabi/lib/armv7e-m/fpu/libc.a(lib_a-fflush.o)
 .bss           0x000000002001048e        0x0 /usr/bin/../lib/gcc/arm-none-eabi/4.9.3/../../../../arm-none-eabi/lib/armv7e-m/fpu/libc.a(lib_a-findfp.o)
 .bss           0x000000002001048e        0x0 /usr/bin/../lib/gcc/arm-none-eabi/4.9.3/../../../../arm-none-eabi/lib/armv7e-m/fpu/libc.a(lib_a-fini.o)
 .bss           0x000000002001048e        0x0 /usr/bin/../lib/gcc/arm-none-eabi/4.9.3/../../../../arm-none-eabi/lib/armv7e-m/fpu/libc.a(lib_a-freer.o)
 .bss           0x000000002001048e        0x0 /usr/bin/../lib/gcc/arm-none-eabi/4.9.3/../../../../arm-none-eabi/lib/armv7e-m/fpu/libc.a(lib_a-fvwrite.o)
 .bss           0x000000002001048e        0x0 /usr/bin/../lib/gcc/arm-none-eabi/4.9.3/../../../../arm-none-eabi/lib/armv7e-m/fpu/libc.a(lib_a-fwalk.o)
 .bss           0x000000002001048e        0x0 /usr/bin/../lib/gcc/arm-none-eabi/4.9.3/../../../../arm-none-eabi/lib/armv7e-m/fpu/libc.a(lib_a-locale.o)
 *fill*         0x000000002001048e        0x2 
 .bss._PathLocale
                0x0000000020010490        0x4 /usr/bin/../lib/gcc/arm-none-eabi/4.9.3/../../../../arm-none-eabi/lib/armv7e-m/fpu/libc.a(lib_a-locale.o)
                0x0000000020010490                _PathLocale
 .bss.__nlocale_changed
                0x0000000020010494        0x4 /usr/bin/../lib/gcc/arm-none-eabi/4.9.3/../../../../arm-none-eabi/lib/armv7e-m/fpu/libc.a(lib_a-locale.o)
                0x0000000020010494                __nlocale_changed
 .bss.__mlocale_changed
                0x0000000020010498        0x4 /usr/bin/../lib/gcc/arm-none-eabi/4.9.3/../../../../arm-none-eabi/lib/armv7e-m/fpu/libc.a(lib_a-locale.o)
                0x0000000020010498                __mlocale_changed
 .bss           0x000000002001049c        0x0 /usr/bin/../lib/gcc/arm-none-eabi/4.9.3/../../../../arm-none-eabi/lib/armv7e-m/fpu/libc.a(lib_a-makebuf.o)
 .bss           0x000000002001049c        0x0 /usr/bin/../lib/gcc/arm-none-eabi/4.9.3/../../../../arm-none-eabi/lib/armv7e-m/fpu/libc.a(lib_a-mallocr.o)
 .bss.__malloc_max_total_mem
                0x000000002001049c        0x4 /usr/bin/../lib/gcc/arm-none-eabi/4.9.3/../../../../arm-none-eabi/lib/armv7e-m/fpu/libc.a(lib_a-mallocr.o)
                0x000000002001049c                __malloc_max_total_mem
 .bss.__malloc_max_sbrked_mem
                0x00000000200104a0        0x4 /usr/bin/../lib/gcc/arm-none-eabi/4.9.3/../../../../arm-none-eabi/lib/armv7e-m/fpu/libc.a(lib_a-mallocr.o)
                0x00000000200104a0                __malloc_max_sbrked_mem
 .bss.__malloc_top_pad
                0x00000000200104a4        0x4 /usr/bin/../lib/gcc/arm-none-eabi/4.9.3/../../../../arm-none-eabi/lib/armv7e-m/fpu/libc.a(lib_a-mallocr.o)
                0x00000000200104a4                __malloc_top_pad
 .bss.__malloc_current_mallinfo
                0x00000000200104a8       0x28 /usr/bin/../lib/gcc/arm-none-eabi/4.9.3/../../../../arm-none-eabi/lib/armv7e-m/fpu/libc.a(lib_a-mallocr.o)
                0x00000000200104a8                __malloc_current_mallinfo
 .bss           0x00000000200104d0        0x0 /usr/bin/../lib/gcc/arm-none-eabi/4.9.3/../../../../arm-none-eabi/lib/armv7e-m/fpu/libc.a(lib_a-memchr.o)
 .bss           0x00000000200104d0        0x0 /usr/bin/../lib/gcc/arm-none-eabi/4.9.3/../../../../arm-none-eabi/lib/armv7e-m/fpu/libc.a(lib_a-memmove.o)
 .bss           0x00000000200104d0        0x0 /usr/bin/../lib/gcc/arm-none-eabi/4.9.3/../../../../arm-none-eabi/lib/armv7e-m/fpu/libc.a(lib_a-mlock.o)
 .bss           0x00000000200104d0        0x0 /usr/bin/../lib/gcc/arm-none-eabi/4.9.3/../../../../arm-none-eabi/lib/armv7e-m/fpu/libc.a(lib_a-mprec.o)
 .bss           0x00000000200104d0        0x0 /usr/bin/../lib/gcc/arm-none-eabi/4.9.3/../../../../arm-none-eabi/lib/armv7e-m/fpu/libc.a(lib_a-reallocr.o)
 .bss           0x00000000200104d0        0x0 /usr/bin/../lib/gcc/arm-none-eabi/4.9.3/../../../../arm-none-eabi/lib/armv7e-m/fpu/libc.a(lib_a-s_fpclassify.o)
 .bss           0x00000000200104d0        0x0 /usr/bin/../lib/gcc/arm-none-eabi/4.9.3/../../../../arm-none-eabi/lib/armv7e-m/fpu/libc.a(lib_a-sbrkr.o)
 .bss           0x00000000200104d0        0x0 /usr/bin/../lib/gcc/arm-none-eabi/4.9.3/../../../../arm-none-eabi/lib/armv7e-m/fpu/libc.a(lib_a-stdio.o)
 .bss           0x00000000200104d0        0x0 /usr/bin/../lib/gcc/arm-none-eabi/4.9.3/../../../../arm-none-eabi/lib/armv7e-m/fpu/libc.a(lib_a-strcmp.o)
 .bss           0x00000000200104d0        0x0 /usr/bin/../lib/gcc/arm-none-eabi/4.9.3/../../../../arm-none-eabi/lib/armv7e-m/fpu/libc.a(lib_a-vfiprintf.o)
 .bss           0x00000000200104d0        0x0 /usr/bin/../lib/gcc/arm-none-eabi/4.9.3/../../../../arm-none-eabi/lib/armv7e-m/fpu/libc.a(lib_a-writer.o)
 .bss           0x00000000200104d0        0x0 /usr/bin/../lib/gcc/arm-none-eabi/4.9.3/../../../../arm-none-eabi/lib/armv7e-m/fpu/libc.a(lib_a-__atexit.o)
 .bss           0x00000000200104d0        0x0 /usr/bin/../lib/gcc/arm-none-eabi/4.9.3/../../../../arm-none-eabi/lib/armv7e-m/fpu/libc.a(lib_a-callocr.o)
 .bss           0x00000000200104d0        0x0 /usr/bin/../lib/gcc/arm-none-eabi/4.9.3/../../../../arm-none-eabi/lib/armv7e-m/fpu/libc.a(lib_a-closer.o)
 .bss           0x00000000200104d0        0x0 /usr/bin/../lib/gcc/arm-none-eabi/4.9.3/../../../../arm-none-eabi/lib/armv7e-m/fpu/libc.a(lib_a-fclose.o)
 .bss           0x00000000200104d0        0x0 /usr/bin/../lib/gcc/arm-none-eabi/4.9.3/../../../../arm-none-eabi/lib/armv7e-m/fpu/libc.a(lib_a-fputwc.o)
 .bss           0x00000000200104d0        0x0 /usr/bin/../lib/gcc/arm-none-eabi/4.9.3/../../../../arm-none-eabi/lib/armv7e-m/fpu/libc.a(lib_a-fstatr.o)
 .bss           0x00000000200104d0        0x0 /usr/bin/../lib/gcc/arm-none-eabi/4.9.3/../../../../arm-none-eabi/lib/armv7e-m/fpu/libc.a(lib_a-isattyr.o)
 .bss           0x00000000200104d0        0x0 /usr/bin/../lib/gcc/arm-none-eabi/4.9.3/../../../../arm-none-eabi/lib/armv7e-m/fpu/libc.a(lib_a-lseekr.o)
 .bss           0x00000000200104d0        0x0 /usr/bin/../lib/gcc/arm-none-eabi/4.9.3/../../../../arm-none-eabi/lib/armv7e-m/fpu/libc.a(lib_a-readr.o)
 .bss           0x00000000200104d0        0x0 /usr/bin/../lib/gcc/arm-none-eabi/4.9.3/../../../../arm-none-eabi/lib/armv7e-m/fpu/libc.a(lib_a-reent.o)
 .bss           0x00000000200104d0        0x0 /usr/bin/../lib/gcc/arm-none-eabi/4.9.3/../../../../arm-none-eabi/lib/armv7e-m/fpu/libc.a(lib_a-wbuf.o)
 .bss           0x00000000200104d0        0x0 /usr/bin/../lib/gcc/arm-none-eabi/4.9.3/../../../../arm-none-eabi/lib/armv7e-m/fpu/libc.a(lib_a-wcrtomb.o)
 .bss           0x00000000200104d0        0x0 /usr/bin/../lib/gcc/arm-none-eabi/4.9.3/../../../../arm-none-eabi/lib/armv7e-m/fpu/libc.a(lib_a-wctomb_r.o)
 .bss           0x00000000200104d0        0x0 /usr/bin/../lib/gcc/arm-none-eabi/4.9.3/armv7e-m/fpu/libgcc.a(_arm_addsubdf3.o)
 .bss           0x00000000200104d0        0x0 /usr/bin/../lib/gcc/arm-none-eabi/4.9.3/armv7e-m/fpu/libgcc.a(_arm_muldivdf3.o)